Archive member included to satisfy reference by file (symbol)

C:/ST/STM32CubeIDE_1.13.1/STM32CubeIDE/plugins/com.st.stm32cube.ide.mcu.externaltools.gnu-tools-for-stm32.11.3.rel1.win32_1.1.0.202305231506/tools/bin/../lib/gcc/arm-none-eabi/11.3.1/../../../../arm-none-eabi/lib/thumb/v7e-m+fp/hard\librdimon_nano.a(rdimon-syscalls.o)
                              C:/ST/STM32CubeIDE_1.13.1/STM32CubeIDE/plugins/com.st.stm32cube.ide.mcu.externaltools.gnu-tools-for-stm32.11.3.rel1.win32_1.1.0.202305231506/tools/bin/../lib/gcc/arm-none-eabi/11.3.1/../../../../arm-none-eabi/lib/thumb/v7e-m+fp/hard/rdimon-crt0.o (initialise_monitor_handles)
C:/ST/STM32CubeIDE_1.13.1/STM32CubeIDE/plugins/com.st.stm32cube.ide.mcu.externaltools.gnu-tools-for-stm32.11.3.rel1.win32_1.1.0.202305231506/tools/bin/../lib/gcc/arm-none-eabi/11.3.1/../../../../arm-none-eabi/lib/thumb/v7e-m+fp/hard\libc_nano.a(libc_a-exit.o)
                              C:/ST/STM32CubeIDE_1.13.1/STM32CubeIDE/plugins/com.st.stm32cube.ide.mcu.externaltools.gnu-tools-for-stm32.11.3.rel1.win32_1.1.0.202305231506/tools/bin/../lib/gcc/arm-none-eabi/11.3.1/../../../../arm-none-eabi/lib/thumb/v7e-m+fp/hard/rdimon-crt0.o (exit)
C:/ST/STM32CubeIDE_1.13.1/STM32CubeIDE/plugins/com.st.stm32cube.ide.mcu.externaltools.gnu-tools-for-stm32.11.3.rel1.win32_1.1.0.202305231506/tools/bin/../lib/gcc/arm-none-eabi/11.3.1/../../../../arm-none-eabi/lib/thumb/v7e-m+fp/hard\libc_nano.a(libc_a-itoa.o)
                              ./Core/Src/LCD_Driver.o (itoa)
C:/ST/STM32CubeIDE_1.13.1/STM32CubeIDE/plugins/com.st.stm32cube.ide.mcu.externaltools.gnu-tools-for-stm32.11.3.rel1.win32_1.1.0.202305231506/tools/bin/../lib/gcc/arm-none-eabi/11.3.1/../../../../arm-none-eabi/lib/thumb/v7e-m+fp/hard\libc_nano.a(libc_a-utoa.o)
                              C:/ST/STM32CubeIDE_1.13.1/STM32CubeIDE/plugins/com.st.stm32cube.ide.mcu.externaltools.gnu-tools-for-stm32.11.3.rel1.win32_1.1.0.202305231506/tools/bin/../lib/gcc/arm-none-eabi/11.3.1/../../../../arm-none-eabi/lib/thumb/v7e-m+fp/hard\libc_nano.a(libc_a-itoa.o) (__utoa)
C:/ST/STM32CubeIDE_1.13.1/STM32CubeIDE/plugins/com.st.stm32cube.ide.mcu.externaltools.gnu-tools-for-stm32.11.3.rel1.win32_1.1.0.202305231506/tools/bin/../lib/gcc/arm-none-eabi/11.3.1/../../../../arm-none-eabi/lib/thumb/v7e-m+fp/hard\libc_nano.a(libc_a-findfp.o)
                              C:/ST/STM32CubeIDE_1.13.1/STM32CubeIDE/plugins/com.st.stm32cube.ide.mcu.externaltools.gnu-tools-for-stm32.11.3.rel1.win32_1.1.0.202305231506/tools/bin/../lib/gcc/arm-none-eabi/11.3.1/../../../../arm-none-eabi/lib/thumb/v7e-m+fp/hard\librdimon_nano.a(rdimon-syscalls.o) (__sinit)
C:/ST/STM32CubeIDE_1.13.1/STM32CubeIDE/plugins/com.st.stm32cube.ide.mcu.externaltools.gnu-tools-for-stm32.11.3.rel1.win32_1.1.0.202305231506/tools/bin/../lib/gcc/arm-none-eabi/11.3.1/../../../../arm-none-eabi/lib/thumb/v7e-m+fp/hard\libc_nano.a(libc_a-fwalk.o)
                              C:/ST/STM32CubeIDE_1.13.1/STM32CubeIDE/plugins/com.st.stm32cube.ide.mcu.externaltools.gnu-tools-for-stm32.11.3.rel1.win32_1.1.0.202305231506/tools/bin/../lib/gcc/arm-none-eabi/11.3.1/../../../../arm-none-eabi/lib/thumb/v7e-m+fp/hard\libc_nano.a(libc_a-findfp.o) (_fwalk_sglue)
C:/ST/STM32CubeIDE_1.13.1/STM32CubeIDE/plugins/com.st.stm32cube.ide.mcu.externaltools.gnu-tools-for-stm32.11.3.rel1.win32_1.1.0.202305231506/tools/bin/../lib/gcc/arm-none-eabi/11.3.1/../../../../arm-none-eabi/lib/thumb/v7e-m+fp/hard\libc_nano.a(libc_a-stdio.o)
                              C:/ST/STM32CubeIDE_1.13.1/STM32CubeIDE/plugins/com.st.stm32cube.ide.mcu.externaltools.gnu-tools-for-stm32.11.3.rel1.win32_1.1.0.202305231506/tools/bin/../lib/gcc/arm-none-eabi/11.3.1/../../../../arm-none-eabi/lib/thumb/v7e-m+fp/hard\libc_nano.a(libc_a-findfp.o) (__sread)
C:/ST/STM32CubeIDE_1.13.1/STM32CubeIDE/plugins/com.st.stm32cube.ide.mcu.externaltools.gnu-tools-for-stm32.11.3.rel1.win32_1.1.0.202305231506/tools/bin/../lib/gcc/arm-none-eabi/11.3.1/../../../../arm-none-eabi/lib/thumb/v7e-m+fp/hard\libc_nano.a(libc_a-memset.o)
                              C:/ST/STM32CubeIDE_1.13.1/STM32CubeIDE/plugins/com.st.stm32cube.ide.mcu.externaltools.gnu-tools-for-stm32.11.3.rel1.win32_1.1.0.202305231506/tools/bin/../lib/gcc/arm-none-eabi/11.3.1/../../../../arm-none-eabi/lib/thumb/v7e-m+fp/hard/rdimon-crt0.o (memset)
C:/ST/STM32CubeIDE_1.13.1/STM32CubeIDE/plugins/com.st.stm32cube.ide.mcu.externaltools.gnu-tools-for-stm32.11.3.rel1.win32_1.1.0.202305231506/tools/bin/../lib/gcc/arm-none-eabi/11.3.1/../../../../arm-none-eabi/lib/thumb/v7e-m+fp/hard\libc_nano.a(libc_a-closer.o)
                              C:/ST/STM32CubeIDE_1.13.1/STM32CubeIDE/plugins/com.st.stm32cube.ide.mcu.externaltools.gnu-tools-for-stm32.11.3.rel1.win32_1.1.0.202305231506/tools/bin/../lib/gcc/arm-none-eabi/11.3.1/../../../../arm-none-eabi/lib/thumb/v7e-m+fp/hard\libc_nano.a(libc_a-stdio.o) (_close_r)
[...]
Memory Configuration

Name             Origin             Length             Attributes
CCMRAM           0x0000000010000000 0x0000000000010000 xrw
RAM              0x0000000020000000 0x0000000000030000 xrw
FLASH            0x0000000008000000 0x0000000000200000 xr
*default*        0x0000000000000000 0xffffffffffffffff

Linker script and memory map

LOAD C:/ST/STM32CubeIDE_1.13.1/STM32CubeIDE/plugins/com.st.stm32cube.ide.mcu.externaltools.gnu-tools-for-stm32.11.3.rel1.win32_1.1.0.202305231506/tools/bin/../lib/gcc/arm-none-eabi/11.3.1/thumb/v7e-m+fp/hard/crti.o
LOAD C:/ST/STM32CubeIDE_1.13.1/STM32CubeIDE/plugins/com.st.stm32cube.ide.mcu.externaltools.gnu-tools-for-stm32.11.3.rel1.win32_1.1.0.202305231506/tools/bin/../lib/gcc/arm-none-eabi/11.3.1/thumb/v7e-m+fp/hard/crtbegin.o
LOAD C:/ST/STM32CubeIDE_1.13.1/STM32CubeIDE/plugins/com.st.stm32cube.ide.mcu.externaltools.gnu-tools-for-stm32.11.3.rel1.win32_1.1.0.202305231506/tools/bin/../lib/gcc/arm-none-eabi/11.3.1/../../../../arm-none-eabi/lib/thumb/v7e-m+fp/hard/rdimon-crt0.o
LOAD ./Core/Src/ApplicationCode.o
LOAD ./Core/Src/Button_Driver.o
LOAD ./Core/Src/ErrorHandling.o
LOAD ./Core/Src/InterruptControl.o
LOAD ./Core/Src/LCD_Driver.o
LOAD ./Core/Src/RNG_Driver.o
LOAD ./Core/Src/Scheduler.o
LOAD ./Core/Src/fonts.o
LOAD ./Core/Src/main.o
LOAD ./Core/Src/stm32f4xx_hal_msp.o
LOAD ./Core/Src/stm32f4xx_it.o
LOAD ./Core/Src/sysmem.o
LOAD ./Core/Src/system_stm32f4xx.o
LOAD ./Core/Startup/startup_stm32f429zitx.o
LOAD ./Drivers/STM32F4xx_HAL_Driver/Src/stm32f4xx_hal.o
LOAD ./Drivers/STM32F4xx_HAL_Driver/Src/stm32f4xx_hal_cortex.o
LOAD ./Drivers/STM32F4xx_HAL_Driver/Src/stm32f4xx_hal_dma.o
LOAD ./Drivers/STM32F4xx_HAL_Driver/Src/stm32f4xx_hal_dma_ex.o
LOAD ./Drivers/STM32F4xx_HAL_Driver/Src/stm32f4xx_hal_dsi.o
LOAD ./Drivers/STM32F4xx_HAL_Driver/Src/stm32f4xx_hal_exti.o
LOAD ./Drivers/STM32F4xx_HAL_Driver/Src/stm32f4xx_hal_flash.o
LOAD ./Drivers/STM32F4xx_HAL_Driver/Src/stm32f4xx_hal_flash_ex.o
LOAD ./Drivers/STM32F4xx_HAL_Driver/Src/stm32f4xx_hal_flash_ramfunc.o
LOAD ./Drivers/STM32F4xx_HAL_Driver/Src/stm32f4xx_hal_gpio.o
LOAD ./Drivers/STM32F4xx_HAL_Driver/Src/stm32f4xx_hal_ltdc.o
LOAD ./Drivers/STM32F4xx_HAL_Driver/Src/stm32f4xx_hal_ltdc_ex.o
LOAD ./Drivers/STM32F4xx_HAL_Driver/Src/stm32f4xx_hal_pwr.o
LOAD ./Drivers/STM32F4xx_HAL_Driver/Src/stm32f4xx_hal_pwr_ex.o
LOAD ./Drivers/STM32F4xx_HAL_Driver/Src/stm32f4xx_hal_rcc.o
LOAD ./Drivers/STM32F4xx_HAL_Driver/Src/stm32f4xx_hal_rcc_ex.o
LOAD ./Drivers/STM32F4xx_HAL_Driver/Src/stm32f4xx_hal_rng.o
LOAD ./Drivers/STM32F4xx_HAL_Driver/Src/stm32f4xx_hal_spi.o
LOAD ./Drivers/STM32F4xx_HAL_Driver/Src/stm32f4xx_hal_tim.o
LOAD ./Drivers/STM32F4xx_HAL_Driver/Src/stm32f4xx_hal_tim_ex.o
LOAD C:/ST/STM32CubeIDE_1.13.1/STM32CubeIDE/plugins/com.st.stm32cube.ide.mcu.externaltools.gnu-tools-for-stm32.11.3.rel1.win32_1.1.0.202305231506/tools/bin/../lib/gcc/arm-none-eabi/11.3.1/../../../../arm-none-eabi/lib/thumb/v7e-m+fp/hard\librdimon_nano.a
START GROUP
LOAD C:/ST/STM32CubeIDE_1.13.1/STM32CubeIDE/plugins/com.st.stm32cube.ide.mcu.externaltools.gnu-tools-for-stm32.11.3.rel1.win32_1.1.0.202305231506/tools/bin/../lib/gcc/arm-none-eabi/11.3.1/../../../../arm-none-eabi/lib/thumb/v7e-m+fp/hard\libc_nano.a
LOAD C:/ST/STM32CubeIDE_1.13.1/STM32CubeIDE/plugins/com.st.stm32cube.ide.mcu.externaltools.gnu-tools-for-stm32.11.3.rel1.win32_1.1.0.202305231506/tools/bin/../lib/gcc/arm-none-eabi/11.3.1/../../../../arm-none-eabi/lib/thumb/v7e-m+fp/hard\libm.a
END GROUP
START GROUP
LOAD C:/ST/STM32CubeIDE_1.13.1/STM32CubeIDE/plugins/com.st.stm32cube.ide.mcu.externaltools.gnu-tools-for-stm32.11.3.rel1.win32_1.1.0.202305231506/tools/bin/../lib/gcc/arm-none-eabi/11.3.1/thumb/v7e-m+fp/hard\libgcc.a
LOAD C:/ST/STM32CubeIDE_1.13.1/STM32CubeIDE/plugins/com.st.stm32cube.ide.mcu.externaltools.gnu-tools-for-stm32.11.3.rel1.win32_1.1.0.202305231506/tools/bin/../lib/gcc/arm-none-eabi/11.3.1/../../../../arm-none-eabi/lib/thumb/v7e-m+fp/hard\libc_nano.a
END GROUP
START GROUP
LOAD C:/ST/STM32CubeIDE_1.13.1/STM32CubeIDE/plugins/com.st.stm32cube.ide.mcu.externaltools.gnu-tools-for-stm32.11.3.rel1.win32_1.1.0.202305231506/tools/bin/../lib/gcc/arm-none-eabi/11.3.1/thumb/v7e-m+fp/hard\libgcc.a
LOAD C:/ST/STM32CubeIDE_1.13.1/STM32CubeIDE/plugins/com.st.stm32cube.ide.mcu.externaltools.gnu-tools-for-stm32.11.3.rel1.win32_1.1.0.202305231506/tools/bin/../lib/gcc/arm-none-eabi/11.3.1/../../../../arm-none-eabi/lib/thumb/v7e-m+fp/hard\libc_nano.a
LOAD C:/ST/STM32CubeIDE_1.13.1/STM32CubeIDE/plugins/com.st.stm32cube.ide.mcu.externaltools.gnu-tools-for-stm32.11.3.rel1.win32_1.1.0.202305231506/tools/bin/../lib/gcc/arm-none-eabi/11.3.1/../../../../arm-none-eabi/lib/thumb/v7e-m+fp/hard\libnosys.a
END GROUP
START GROUP
LOAD C:/ST/STM32CubeIDE_1.13.1/STM32CubeIDE/plugins/com.st.stm32cube.ide.mcu.externaltools.gnu-tools-for-stm32.11.3.rel1.win32_1.1.0.202305231506/tools/bin/../lib/gcc/arm-none-eabi/11.3.1/thumb/v7e-m+fp/hard\libgcc.a
LOAD C:/ST/STM32CubeIDE_1.13.1/STM32CubeIDE/plugins/com.st.stm32cube.ide.mcu.externaltools.gnu-tools-for-stm32.11.3.rel1.win32_1.1.0.202305231506/tools/bin/../lib/gcc/arm-none-eabi/11.3.1/../../../../arm-none-eabi/lib/thumb/v7e-m+fp/hard\libc_nano.a
LOAD C:/ST/STM32CubeIDE_1.13.1/STM32CubeIDE/plugins/com.st.stm32cube.ide.mcu.externaltools.gnu-tools-for-stm32.11.3.rel1.win32_1.1.0.202305231506/tools/bin/../lib/gcc/arm-none-eabi/11.3.1/../../../../arm-none-eabi/lib/thumb/v7e-m+fp/hard\librdimon_nano.a
END GROUP
START GROUP
LOAD C:/ST/STM32CubeIDE_1.13.1/STM32CubeIDE/plugins/com.st.stm32cube.ide.mcu.externaltools.gnu-tools-for-stm32.11.3.rel1.win32_1.1.0.202305231506/tools/bin/../lib/gcc/arm-none-eabi/11.3.1/thumb/v7e-m+fp/hard\libgcc.a
LOAD C:/ST/STM32CubeIDE_1.13.1/STM32CubeIDE/plugins/com.st.stm32cube.ide.mcu.externaltools.gnu-tools-for-stm32.11.3.rel1.win32_1.1.0.202305231506/tools/bin/../lib/gcc/arm-none-eabi/11.3.1/../../../../arm-none-eabi/lib/thumb/v7e-m+fp/hard\libc_nano.a
LOAD C:/ST/STM32CubeIDE_1.13.1/STM32CubeIDE/plugins/com.st.stm32cube.ide.mcu.externaltools.gnu-tools-for-stm32.11.3.rel1.win32_1.1.0.202305231506/tools/bin/../lib/gcc/arm-none-eabi/11.3.1/../../../../arm-none-eabi/lib/thumb/v7e-m+fp/hard\librdimon_nano.a
LOAD C:/ST/STM32CubeIDE_1.13.1/STM32CubeIDE/plugins/com.st.stm32cube.ide.mcu.externaltools.gnu-tools-for-stm32.11.3.rel1.win32_1.1.0.202305231506/tools/bin/../lib/gcc/arm-none-eabi/11.3.1/../../../../arm-none-eabi/lib/thumb/v7e-m+fp/hard\libnosys.a
END GROUP
LOAD C:/ST/STM32CubeIDE_1.13.1/STM32CubeIDE/plugins/com.st.stm32cube.ide.mcu.externaltools.gnu-tools-for-stm32.11.3.rel1.win32_1.1.0.202305231506/tools/bin/../lib/gcc/arm-none-eabi/11.3.1/thumb/v7e-m+fp/hard/crtend.o
LOAD C:/ST/STM32CubeIDE_1.13.1/STM32CubeIDE/plugins/com.st.stm32cube.ide.mcu.externaltools.gnu-tools-for-stm32.11.3.rel1.win32_1.1.0.202305231506/tools/bin/../lib/gcc/arm-none-eabi/11.3.1/thumb/v7e-m+fp/hard/crtn.o
                0x0000000020030000                _estack = (ORIGIN (RAM) + LENGTH (RAM))
                0x0000000000000200                _Min_Heap_Size = 0x200
                0x0000000000000400                _Min_Stack_Size = 0x400

.isr_vector     0x0000000008000000      0x1ac
                0x0000000008000000                . = ALIGN (0x4)
 *(.isr_vector)
 .isr_vector    0x0000000008000000      0x1ac ./Core/Startup/startup_stm32f429zitx.o
                0x0000000008000000                g_pfnVectors
                0x00000000080001ac                . = ALIGN (0x4)

.text           0x00000000080001ac     0x4f94
                0x00000000080001ac                . = ALIGN (0x4)
 *(.text)
 .text          0x00000000080001ac       0x40 C:/ST/STM32CubeIDE_1.13.1/STM32CubeIDE/plugins/com.st.stm32cube.ide.mcu.externaltools.gnu-tools-for-stm32.11.3.rel1.win32_1.1.0.202305231506/tools/bin/../lib/gcc/arm-none-eabi/11.3.1/thumb/v7e-m+fp/hard/crtbegin.o
 .text          0x00000000080001ec       0x10 C:/ST/STM32CubeIDE_1.13.1/STM32CubeIDE/plugins/com.st.stm32cube.ide.mcu.externaltools.gnu-tools-for-stm32.11.3.rel1.win32_1.1.0.202305231506/tools/bin/../lib/gcc/arm-none-eabi/11.3.1/../../../../arm-none-eabi/lib/thumb/v7e-m+fp/hard\libc_nano.a(libc_a-strlen.o)
                0x00000000080001ec                strlen
 .text          0x00000000080001fc       0x30 C:/ST/STM32CubeIDE_1.13.1/STM32CubeIDE/plugins/com.st.stm32cube.ide.mcu.externaltools.gnu-tools-for-stm32.11.3.rel1.win32_1.1.0.202305231506/tools/bin/../lib/gcc/arm-none-eabi/11.3.1/thumb/v7e-m+fp/hard\libgcc.a(_aeabi_uldivmod.o)
                0x00000000080001fc                __aeabi_uldivmod
 .text          0x000000000800022c      0x2c8 C:/ST/STM32CubeIDE_1.13.1/STM32CubeIDE/plugins/com.st.stm32cube.ide.mcu.externaltools.gnu-tools-for-stm32.11.3.rel1.win32_1.1.0.202305231506/tools/bin/../lib/gcc/arm-none-eabi/11.3.1/thumb/v7e-m+fp/hard\libgcc.a(_udivmoddi4.o)
                0x000000000800022c                __udivmoddi4
 .text          0x00000000080004f4        0x4 C:/ST/STM32CubeIDE_1.13.1/STM32CubeIDE/plugins/com.st.stm32cube.ide.mcu.externaltools.gnu-tools-for-stm32.11.3.rel1.win32_1.1.0.202305231506/tools/bin/../lib/gcc/arm-none-eabi/11.3.1/thumb/v7e-m+fp/hard\libgcc.a(_dvmd_tls.o)
                0x00000000080004f4                __aeabi_idiv0
                0x00000000080004f4                __aeabi_ldiv0
 *(.text*)
 .text.ApplicationInit
                0x00000000080004f8       0x36 ./Core/Src/ApplicationCode.o
                0x00000000080004f8                ApplicationInit
 .text.EXTI0_IRQHandler
                0x000000000800052e       0x3a ./Core/Src/ApplicationCode.o
                0x000000000800052e                EXTI0_IRQHandler
 .text.ButtonIntMode
                0x0000000008000568       0x68 ./Core/Src/Button_Driver.o
                0x0000000008000568                ButtonIntMode
 .text.IRQ_enable
                0x00000000080005d0       0x58 ./Core/Src/InterruptControl.o
                0x00000000080005d0                IRQ_enable
 .text.IRQ_disable
                0x0000000008000628       0x58 ./Core/Src/InterruptControl.o
                0x0000000008000628                IRQ_disable
 .text.clearInterruptPendingBit
                0x0000000008000680       0x30 ./Core/Src/InterruptControl.o
                0x0000000008000680                clearInterruptPendingBit
 .text.LCD_GPIO_Init
                0x00000000080006b0      0x190 ./Core/Src/LCD_Driver.o
                0x00000000080006b0                LCD_GPIO_Init
 .text.LTCD__Init
                0x0000000008000840       0xbc ./Core/Src/LCD_Driver.o
                0x0000000008000840                LTCD__Init
 .text.LTCD_Layer_Init
                0x00000000080008fc       0x80 ./Core/Src/LCD_Driver.o
                0x00000000080008fc                LTCD_Layer_Init
 .text.LCD_Draw_Pixel
                0x000000000800097c       0x3c ./Core/Src/LCD_Driver.o
                0x000000000800097c                LCD_Draw_Pixel
 .text.LCD_DrawChar
                0x00000000080009b8       0xdc ./Core/Src/LCD_Driver.o
                0x00000000080009b8                LCD_DrawChar
 .text.LCD_DisplayChar
                0x0000000008000a94       0x44 ./Core/Src/LCD_Driver.o
                0x0000000008000a94                LCD_DisplayChar
 .text.LCD_SetTextColor
                0x0000000008000ad8       0x20 ./Core/Src/LCD_Driver.o
                0x0000000008000ad8                LCD_SetTextColor
 .text.LCD_SetFont
                0x0000000008000af8       0x20 ./Core/Src/LCD_Driver.o
                0x0000000008000af8                LCD_SetFont
 .text.LCD_Draw_Circle_Fill
                0x0000000008000b18       0xa6 ./Core/Src/LCD_Driver.o
                0x0000000008000b18                LCD_Draw_Circle_Fill
 .text.LCD_Draw_Vertical_Line
                0x0000000008000bbe       0x4e ./Core/Src/LCD_Driver.o
                0x0000000008000bbe                LCD_Draw_Vertical_Line
 .text.LCD_Clear
                0x0000000008000c0c       0x44 ./Core/Src/LCD_Driver.o
                0x0000000008000c0c                LCD_Clear
 .text.LCD_Error_Handler
                0x0000000008000c50        0x6 ./Core/Src/LCD_Driver.o
                0x0000000008000c50                LCD_Error_Handler
 .text.LCD_Draw_Square
                0x0000000008000c56       0x78 ./Core/Src/LCD_Driver.o
                0x0000000008000c56                LCD_Draw_Square
 .text.LCD_Draw_Triangle
                0x0000000008000cce       0x7a ./Core/Src/LCD_Driver.o
                0x0000000008000cce                LCD_Draw_Triangle
 .text.LCD_Draw_Horizontal_Line
                0x0000000008000d48       0x4e ./Core/Src/LCD_Driver.o
                0x0000000008000d48                LCD_Draw_Horizontal_Line
 *fill*         0x0000000008000d96        0x2 
 .text.buttonStatus
                0x0000000008000d98       0x18 ./Core/Src/LCD_Driver.o
                0x0000000008000d98                buttonStatus
 .text.getLevelThree
                0x0000000008000db0       0x18 ./Core/Src/LCD_Driver.o
                0x0000000008000db0                getLevelThree
 .text.getValidInput
                0x0000000008000dc8       0x18 ./Core/Src/LCD_Driver.o
                0x0000000008000dc8                getValidInput
 .text.setValidInput
                0x0000000008000de0       0x18 ./Core/Src/LCD_Driver.o
                0x0000000008000de0                setValidInput
 .text.incrementCounter
                0x0000000008000df8       0xa0 ./Core/Src/LCD_Driver.o
                0x0000000008000df8                incrementCounter
 .text.level1Instructions
                0x0000000008000e98      0x12c ./Core/Src/LCD_Driver.o
                0x0000000008000e98                level1Instructions
 .text.level2Instructions
                0x0000000008000fc4      0x1c4 ./Core/Src/LCD_Driver.o
                0x0000000008000fc4                level2Instructions
 .text.level3Instructions
                0x0000000008001188      0x1bc ./Core/Src/LCD_Driver.o
                0x0000000008001188                level3Instructions
 .text.timeDisplay
                0x0000000008001344      0x228 ./Core/Src/LCD_Driver.o
                0x0000000008001344                timeDisplay
 .text.Level1   0x000000000800156c      0x10c ./Core/Src/LCD_Driver.o
                0x000000000800156c                Level1
 .text.Level2   0x0000000008001678      0x1b8 ./Core/Src/LCD_Driver.o
                0x0000000008001678                Level2
 .text.Level3   0x0000000008001830      0x178 ./Core/Src/LCD_Driver.o
                0x0000000008001830                Level3
 .text.ili9341_Init
                0x00000000080019a8      0x294 ./Core/Src/LCD_Driver.o
                0x00000000080019a8                ili9341_Init
 .text.ili9341_Write_Reg
                0x0000000008001c3c       0x1a ./Core/Src/LCD_Driver.o
                0x0000000008001c3c                ili9341_Write_Reg
 .text.ili9341_Send_Data
                0x0000000008001c56       0x1a ./Core/Src/LCD_Driver.o
                0x0000000008001c56                ili9341_Send_Data
 .text.SPI_Init
                0x0000000008001c70       0x74 ./Core/Src/LCD_Driver.o
 .text.SPI_Write
                0x0000000008001ce4       0x3c ./Core/Src/LCD_Driver.o
 .text.SPI_Error
                0x0000000008001d20       0x18 ./Core/Src/LCD_Driver.o
 .text.SPI_MspInit
                0x0000000008001d38       0x74 ./Core/Src/LCD_Driver.o
 .text.LCD_IO_Init
                0x0000000008001dac       0xf0 ./Core/Src/LCD_Driver.o
                0x0000000008001dac                LCD_IO_Init
 .text.LCD_IO_WriteData
                0x0000000008001e9c       0x44 ./Core/Src/LCD_Driver.o
                0x0000000008001e9c                LCD_IO_WriteData
 .text.LCD_IO_WriteReg
                0x0000000008001ee0       0x44 ./Core/Src/LCD_Driver.o
                0x0000000008001ee0                LCD_IO_WriteReg
 .text.LCD_Delay
                0x0000000008001f24       0x16 ./Core/Src/LCD_Driver.o
                0x0000000008001f24                LCD_Delay
 *fill*         0x0000000008001f3a        0x2 
 .text.RNG_Init
                0x0000000008001f3c       0x54 ./Core/Src/RNG_Driver.o
                0x0000000008001f3c                RNG_Init
 .text.getRandomNum
                0x0000000008001f90       0x20 ./Core/Src/RNG_Driver.o
                0x0000000008001f90                getRandomNum
 .text.addSchedulerEvent
                0x0000000008001fb0       0x24 ./Core/Src/Scheduler.o
                0x0000000008001fb0                addSchedulerEvent
 .text.removeSchedulerEvent
                0x0000000008001fd4       0x28 ./Core/Src/Scheduler.o
                0x0000000008001fd4                removeSchedulerEvent
 .text.getScheduledEvents
                0x0000000008001ffc       0x18 ./Core/Src/Scheduler.o
                0x0000000008001ffc                getScheduledEvents
 .text.main     0x0000000008002014       0x68 ./Core/Src/main.o
                0x0000000008002014                main
 .text.systemClockOverride
                0x000000000800207c       0x80 ./Core/Src/main.o
                0x000000000800207c                systemClockOverride
 .text.Error_Handler
                0x00000000080020fc        0xa ./Core/Src/main.o
                0x00000000080020fc                Error_Handler
 *fill*         0x0000000008002106        0x2 
 .text.HAL_MspInit
                0x0000000008002108       0x50 ./Core/Src/stm32f4xx_hal_msp.o
                0x0000000008002108                HAL_MspInit
 .text.HAL_LTDC_MspInit
                0x0000000008002158      0x250 ./Core/Src/stm32f4xx_hal_msp.o
                0x0000000008002158                HAL_LTDC_MspInit
 .text.HAL_RNG_MspInit
                0x00000000080023a8       0x44 ./Core/Src/stm32f4xx_hal_msp.o
                0x00000000080023a8                HAL_RNG_MspInit
 .text.HAL_SPI_MspInit
                0x00000000080023ec       0x90 ./Core/Src/stm32f4xx_hal_msp.o
                0x00000000080023ec                HAL_SPI_MspInit
 .text.HAL_SPI_MspDeInit
                0x000000000800247c       0x3c ./Core/Src/stm32f4xx_hal_msp.o
                0x000000000800247c                HAL_SPI_MspDeInit
 .text.NMI_Handler
                0x00000000080024b8        0x6 ./Core/Src/stm32f4xx_it.o
                0x00000000080024b8                NMI_Handler
 .text.HardFault_Handler
                0x00000000080024be        0x6 ./Core/Src/stm32f4xx_it.o
                0x00000000080024be                HardFault_Handler
 .text.MemManage_Handler
                0x00000000080024c4        0x6 ./Core/Src/stm32f4xx_it.o
                0x00000000080024c4                MemManage_Handler
 .text.BusFault_Handler
                0x00000000080024ca        0x6 ./Core/Src/stm32f4xx_it.o
                0x00000000080024ca                BusFault_Handler
 .text.UsageFault_Handler
                0x00000000080024d0        0x6 ./Core/Src/stm32f4xx_it.o
                0x00000000080024d0                UsageFault_Handler
 .text.SVC_Handler
                0x00000000080024d6        0xe ./Core/Src/stm32f4xx_it.o
                0x00000000080024d6                SVC_Handler
 .text.DebugMon_Handler
                0x00000000080024e4        0xe ./Core/Src/stm32f4xx_it.o
                0x00000000080024e4                DebugMon_Handler
 .text.PendSV_Handler
                0x00000000080024f2        0xe ./Core/Src/stm32f4xx_it.o
                0x00000000080024f2                PendSV_Handler
 .text.SysTick_Handler
                0x0000000008002500        0xc ./Core/Src/stm32f4xx_it.o
                0x0000000008002500                SysTick_Handler
 .text.SystemInit
                0x000000000800250c       0x24 ./Core/Src/system_stm32f4xx.o
                0x000000000800250c                SystemInit
 .text.Reset_Handler
                0x0000000008002530       0x50 ./Core/Startup/startup_stm32f429zitx.o
                0x0000000008002530                Reset_Handler
 .text.Default_Handler
                0x0000000008002580        0x2 ./Core/Startup/startup_stm32f429zitx.o
                0x0000000008002580                RTC_Alarm_IRQHandler
                0x0000000008002580                HASH_RNG_IRQHandler
                0x0000000008002580                EXTI2_IRQHandler
                0x0000000008002580                TIM8_CC_IRQHandler
                0x0000000008002580                UART8_IRQHandler
                0x0000000008002580                SPI4_IRQHandler
                0x0000000008002580                TIM1_CC_IRQHandler
                0x0000000008002580                DMA2_Stream5_IRQHandler
                0x0000000008002580                DMA1_Stream5_IRQHandler
                0x0000000008002580                PVD_IRQHandler
                0x0000000008002580                SDIO_IRQHandler
                0x0000000008002580                TAMP_STAMP_IRQHandler
                0x0000000008002580                CAN2_RX1_IRQHandler
                0x0000000008002580                EXTI3_IRQHandler
                0x0000000008002580                TIM8_TRG_COM_TIM14_IRQHandler
                0x0000000008002580                TIM1_UP_TIM10_IRQHandler
                0x0000000008002580                TIM8_UP_TIM13_IRQHandler
                0x0000000008002580                I2C3_ER_IRQHandler
                0x0000000008002580                I2C2_EV_IRQHandler
                0x0000000008002580                DMA1_Stream2_IRQHandler
                0x0000000008002580                CAN1_RX0_IRQHandler
                0x0000000008002580                FPU_IRQHandler
                0x0000000008002580                OTG_HS_WKUP_IRQHandler
                0x0000000008002580                LTDC_ER_IRQHandler
                0x0000000008002580                CAN2_SCE_IRQHandler
                0x0000000008002580                DMA2_Stream2_IRQHandler
                0x0000000008002580                SPI1_IRQHandler
                0x0000000008002580                TIM6_DAC_IRQHandler
                0x0000000008002580                TIM1_BRK_TIM9_IRQHandler
                0x0000000008002580                DCMI_IRQHandler
                0x0000000008002580                CAN2_RX0_IRQHandler
                0x0000000008002580                DMA2_Stream3_IRQHandler
                0x0000000008002580                USART6_IRQHandler
                0x0000000008002580                USART3_IRQHandler
                0x0000000008002580                CAN1_RX1_IRQHandler
                0x0000000008002580                UART5_IRQHandler
                0x0000000008002580                DMA2_Stream0_IRQHandler
                0x0000000008002580                TIM4_IRQHandler
                0x0000000008002580                I2C1_EV_IRQHandler
                0x0000000008002580                DMA1_Stream6_IRQHandler
                0x0000000008002580                DMA1_Stream1_IRQHandler
                0x0000000008002580                UART4_IRQHandler
                0x0000000008002580                TIM3_IRQHandler
                0x0000000008002580                RCC_IRQHandler
                0x0000000008002580                TIM8_BRK_TIM12_IRQHandler
                0x0000000008002580                Default_Handler
                0x0000000008002580                EXTI15_10_IRQHandler
                0x0000000008002580                ADC_IRQHandler
                0x0000000008002580                DMA1_Stream7_IRQHandler
                0x0000000008002580                SPI5_IRQHandler
                0x0000000008002580                TIM7_IRQHandler
                0x0000000008002580                CAN2_TX_IRQHandler
                0x0000000008002580                TIM5_IRQHandler
                0x0000000008002580                DMA2_Stream7_IRQHandler
                0x0000000008002580                I2C3_EV_IRQHandler
                0x0000000008002580                EXTI9_5_IRQHandler
                0x0000000008002580                RTC_WKUP_IRQHandler
                0x0000000008002580                LTDC_IRQHandler
                0x0000000008002580                ETH_WKUP_IRQHandler
                0x0000000008002580                SPI2_IRQHandler
                0x0000000008002580                OTG_HS_EP1_IN_IRQHandler
                0x0000000008002580                DMA1_Stream0_IRQHandler
                0x0000000008002580                CAN1_TX_IRQHandler
                0x0000000008002580                EXTI4_IRQHandler
                0x0000000008002580                ETH_IRQHandler
                0x0000000008002580                OTG_HS_EP1_OUT_IRQHandler
                0x0000000008002580                WWDG_IRQHandler
                0x0000000008002580                SPI6_IRQHandler
                0x0000000008002580                TIM2_IRQHandler
                0x0000000008002580                OTG_FS_WKUP_IRQHandler
                0x0000000008002580                TIM1_TRG_COM_TIM11_IRQHandler
                0x0000000008002580                OTG_HS_IRQHandler
                0x0000000008002580                DMA2D_IRQHandler
                0x0000000008002580                EXTI1_IRQHandler
                0x0000000008002580                UART7_IRQHandler
                0x0000000008002580                USART2_IRQHandler
                0x0000000008002580                I2C2_ER_IRQHandler
                0x0000000008002580                DMA2_Stream1_IRQHandler
                0x0000000008002580                CAN1_SCE_IRQHandler
                0x0000000008002580                FLASH_IRQHandler
                0x0000000008002580                DMA2_Stream4_IRQHandler
                0x0000000008002580                USART1_IRQHandler
                0x0000000008002580                OTG_FS_IRQHandler
                0x0000000008002580                SPI3_IRQHandler
                0x0000000008002580                DMA1_Stream4_IRQHandler
                0x0000000008002580                I2C1_ER_IRQHandler
                0x0000000008002580                FMC_IRQHandler
                0x0000000008002580                DMA2_Stream6_IRQHandler
                0x0000000008002580                SAI1_IRQHandler
                0x0000000008002580                DMA1_Stream3_IRQHandler
 *fill*         0x0000000008002582        0x2 
 .text.HAL_Init
                0x0000000008002584       0x44 ./Drivers/STM32F4xx_HAL_Driver/Src/stm32f4xx_hal.o
                0x0000000008002584                HAL_Init
 .text.HAL_InitTick
                0x00000000080025c8       0x60 ./Drivers/STM32F4xx_HAL_Driver/Src/stm32f4xx_hal.o
                0x00000000080025c8                HAL_InitTick
 .text.HAL_IncTick
                0x0000000008002628       0x28 ./Drivers/STM32F4xx_HAL_Driver/Src/stm32f4xx_hal.o
                0x0000000008002628                HAL_IncTick
 .text.HAL_GetTick
                0x0000000008002650       0x18 ./Drivers/STM32F4xx_HAL_Driver/Src/stm32f4xx_hal.o
                0x0000000008002650                HAL_GetTick
 .text.HAL_Delay
                0x0000000008002668       0x48 ./Drivers/STM32F4xx_HAL_Driver/Src/stm32f4xx_hal.o
                0x0000000008002668                HAL_Delay
 .text.__NVIC_SetPriorityGrouping
                0x00000000080026b0       0x48 ./Drivers/STM32F4xx_HAL_Driver/Src/stm32f4xx_hal_cortex.o
 .text.__NVIC_GetPriorityGrouping
                0x00000000080026f8       0x1c ./Drivers/STM32F4xx_HAL_Driver/Src/stm32f4xx_hal_cortex.o
 .text.__NVIC_EnableIRQ
                0x0000000008002714       0x3c ./Drivers/STM32F4xx_HAL_Driver/Src/stm32f4xx_hal_cortex.o
 .text.__NVIC_SetPriority
                0x0000000008002750       0x54 ./Drivers/STM32F4xx_HAL_Driver/Src/stm32f4xx_hal_cortex.o
 .text.NVIC_EncodePriority
                0x00000000080027a4       0x66 ./Drivers/STM32F4xx_HAL_Driver/Src/stm32f4xx_hal_cortex.o
 *fill*         0x000000000800280a        0x2 
 .text.SysTick_Config
                0x000000000800280c       0x44 ./Drivers/STM32F4xx_HAL_Driver/Src/stm32f4xx_hal_cortex.o
 .text.HAL_NVIC_SetPriorityGrouping
                0x0000000008002850       0x16 ./Drivers/STM32F4xx_HAL_Driver/Src/stm32f4xx_hal_cortex.o
                0x0000000008002850                HAL_NVIC_SetPriorityGrouping
 .text.HAL_NVIC_SetPriority
                0x0000000008002866       0x38 ./Drivers/STM32F4xx_HAL_Driver/Src/stm32f4xx_hal_cortex.o
                0x0000000008002866                HAL_NVIC_SetPriority
 .text.HAL_NVIC_EnableIRQ
                0x000000000800289e       0x1c ./Drivers/STM32F4xx_HAL_Driver/Src/stm32f4xx_hal_cortex.o
                0x000000000800289e                HAL_NVIC_EnableIRQ
 .text.HAL_SYSTICK_Config
                0x00000000080028ba       0x18 ./Drivers/STM32F4xx_HAL_Driver/Src/stm32f4xx_hal_cortex.o
                0x00000000080028ba                HAL_SYSTICK_Config
 *fill*         0x00000000080028d2        0x2 
 .text.HAL_GPIO_Init
                0x00000000080028d4      0x358 ./Drivers/STM32F4xx_HAL_Driver/Src/stm32f4xx_hal_gpio.o
                0x00000000080028d4                HAL_GPIO_Init
 .text.HAL_GPIO_DeInit
                0x0000000008002c2c      0x218 ./Drivers/STM32F4xx_HAL_Driver/Src/stm32f4xx_hal_gpio.o
                0x0000000008002c2c                HAL_GPIO_DeInit
 .text.HAL_GPIO_WritePin
                0x0000000008002e44       0x32 ./Drivers/STM32F4xx_HAL_Driver/Src/stm32f4xx_hal_gpio.o
                0x0000000008002e44                HAL_GPIO_WritePin
 *fill*         0x0000000008002e76        0x2 
 .text.HAL_LTDC_Init
                0x0000000008002e78      0x1a0 ./Drivers/STM32F4xx_HAL_Driver/Src/stm32f4xx_hal_ltdc.o
                0x0000000008002e78                HAL_LTDC_Init
 .text.HAL_LTDC_ConfigLayer
                0x0000000008003018       0x7c ./Drivers/STM32F4xx_HAL_Driver/Src/stm32f4xx_hal_ltdc.o
                0x0000000008003018                HAL_LTDC_ConfigLayer
 .text.LTDC_SetConfig
                0x0000000008003094      0x32e ./Drivers/STM32F4xx_HAL_Driver/Src/stm32f4xx_hal_ltdc.o
 *fill*         0x00000000080033c2        0x2 
 .text.HAL_RCC_OscConfig
                0x00000000080033c4      0x4f0 ./Drivers/STM32F4xx_HAL_Driver/Src/stm32f4xx_hal_rcc.o
                0x00000000080033c4                HAL_RCC_OscConfig
 .text.HAL_RCC_ClockConfig
                0x00000000080038b4      0x1cc ./Drivers/STM32F4xx_HAL_Driver/Src/stm32f4xx_hal_rcc.o
                0x00000000080038b4                HAL_RCC_ClockConfig
 .text.HAL_RCC_GetSysClockFreq
                0x0000000008003a80      0x20c ./Drivers/STM32F4xx_HAL_Driver/Src/stm32f4xx_hal_rcc.o
                0x0000000008003a80                HAL_RCC_GetSysClockFreq
 .text.HAL_RCCEx_PeriphCLKConfig
                0x0000000008003c8c      0x380 ./Drivers/STM32F4xx_HAL_Driver/Src/stm32f4xx_hal_rcc_ex.o
                0x0000000008003c8c                HAL_RCCEx_PeriphCLKConfig
 .text.HAL_RNG_Init
                0x000000000800400c       0x54 ./Drivers/STM32F4xx_HAL_Driver/Src/stm32f4xx_hal_rng.o
                0x000000000800400c                HAL_RNG_Init
 .text.HAL_RNG_GenerateRandomNumber
                0x0000000008004060       0xac ./Drivers/STM32F4xx_HAL_Driver/Src/stm32f4xx_hal_rng.o
                0x0000000008004060                HAL_RNG_GenerateRandomNumber
 .text.HAL_SPI_Init
                0x000000000800410c      0x112 ./Drivers/STM32F4xx_HAL_Driver/Src/stm32f4xx_hal_spi.o
                0x000000000800410c                HAL_SPI_Init
 .text.HAL_SPI_DeInit
                0x000000000800421e       0x50 ./Drivers/STM32F4xx_HAL_Driver/Src/stm32f4xx_hal_spi.o
                0x000000000800421e                HAL_SPI_DeInit
 .text.HAL_SPI_Transmit
                0x000000000800426e      0x278 ./Drivers/STM32F4xx_HAL_Driver/Src/stm32f4xx_hal_spi.o
                0x000000000800426e                HAL_SPI_Transmit
 .text.HAL_SPI_GetState
                0x00000000080044e6       0x1c ./Drivers/STM32F4xx_HAL_Driver/Src/stm32f4xx_hal_spi.o
                0x00000000080044e6                HAL_SPI_GetState
 *fill*         0x0000000008004502        0x2 
 .text.SPI_WaitFlagStateUntilTimeout
                0x0000000008004504      0x110 ./Drivers/STM32F4xx_HAL_Driver/Src/stm32f4xx_hal_spi.o
 .text.SPI_EndRxTxTransaction
                0x0000000008004614       0x84 ./Drivers/STM32F4xx_HAL_Driver/Src/stm32f4xx_hal_spi.o
 .text.findslot
                0x0000000008004698       0x34 C:/ST/STM32CubeIDE_1.13.1/STM32CubeIDE/plugins/com.st.stm32cube.ide.mcu.externaltools.gnu-tools-for-stm32.11.3.rel1.win32_1.1.0.202305231506/tools/bin/../lib/gcc/arm-none-eabi/11.3.1/../../../../arm-none-eabi/lib/thumb/v7e-m+fp/hard\librdimon_nano.a(rdimon-syscalls.o)
 .text.error    0x00000000080046cc       0x1c C:/ST/STM32CubeIDE_1.13.1/STM32CubeIDE/plugins/com.st.stm32cube.ide.mcu.externaltools.gnu-tools-for-stm32.11.3.rel1.win32_1.1.0.202305231506/tools/bin/../lib/gcc/arm-none-eabi/11.3.1/../../../../arm-none-eabi/lib/thumb/v7e-m+fp/hard\librdimon_nano.a(rdimon-syscalls.o)
 .text.checkerror
                0x00000000080046e8        0xa C:/ST/STM32CubeIDE_1.13.1/STM32CubeIDE/plugins/com.st.stm32cube.ide.mcu.externaltools.gnu-tools-for-stm32.11.3.rel1.win32_1.1.0.202305231506/tools/bin/../lib/gcc/arm-none-eabi/11.3.1/../../../../arm-none-eabi/lib/thumb/v7e-m+fp/hard\librdimon_nano.a(rdimon-syscalls.o)
 .text._swiread
                0x00000000080046f2       0x20 C:/ST/STM32CubeIDE_1.13.1/STM32CubeIDE/plugins/com.st.stm32cube.ide.mcu.externaltools.gnu-tools-for-stm32.11.3.rel1.win32_1.1.0.202305231506/tools/bin/../lib/gcc/arm-none-eabi/11.3.1/../../../../arm-none-eabi/lib/thumb/v7e-m+fp/hard\librdimon_nano.a(rdimon-syscalls.o)
                0x00000000080046f2                _swiread
 .text._read    0x0000000008004712       0x38 C:/ST/STM32CubeIDE_1.13.1/STM32CubeIDE/plugins/com.st.stm32cube.ide.mcu.externaltools.gnu-tools-for-stm32.11.3.rel1.win32_1.1.0.202305231506/tools/bin/../lib/gcc/arm-none-eabi/11.3.1/../../../../arm-none-eabi/lib/thumb/v7e-m+fp/hard\librdimon_nano.a(rdimon-syscalls.o)
                0x0000000008004712                _read
 .text._swilseek
                0x000000000800474a       0x78 C:/ST/STM32CubeIDE_1.13.1/STM32CubeIDE/plugins/com.st.stm32cube.ide.mcu.externaltools.gnu-tools-for-stm32.11.3.rel1.win32_1.1.0.202305231506/tools/bin/../lib/gcc/arm-none-eabi/11.3.1/../../../../arm-none-eabi/lib/thumb/v7e-m+fp/hard\librdimon_nano.a(rdimon-syscalls.o)
                0x000000000800474a                _swilseek
 .text._lseek   0x00000000080047c2        0x4 C:/ST/STM32CubeIDE_1.13.1/STM32CubeIDE/plugins/com.st.stm32cube.ide.mcu.externaltools.gnu-tools-for-stm32.11.3.rel1.win32_1.1.0.202305231506/tools/bin/../lib/gcc/arm-none-eabi/11.3.1/../../../../arm-none-eabi/lib/thumb/v7e-m+fp/hard\librdimon_nano.a(rdimon-syscalls.o)
                0x00000000080047c2                _lseek
 .text._swiwrite
                0x00000000080047c6       0x20 C:/ST/STM32CubeIDE_1.13.1/STM32CubeIDE/plugins/com.st.stm32cube.ide.mcu.externaltools.gnu-tools-for-stm32.11.3.rel1.win32_1.1.0.202305231506/tools/bin/../lib/gcc/arm-none-eabi/11.3.1/../../../../arm-none-eabi/lib/thumb/v7e-m+fp/hard\librdimon_nano.a(rdimon-syscalls.o)
                0x00000000080047c6                _swiwrite
 .text._write   0x00000000080047e6       0x48 C:/ST/STM32CubeIDE_1.13.1/STM32CubeIDE/plugins/com.st.stm32cube.ide.mcu.externaltools.gnu-tools-for-stm32.11.3.rel1.win32_1.1.0.202305231506/tools/bin/../lib/gcc/arm-none-eabi/11.3.1/../../../../arm-none-eabi/lib/thumb/v7e-m+fp/hard\librdimon_nano.a(rdimon-syscalls.o)
                0x00000000080047e6                _write
 .text._swiclose
                0x000000000800482e       0x1a C:/ST/STM32CubeIDE_1.13.1/STM32CubeIDE/plugins/com.st.stm32cube.ide.mcu.externaltools.gnu-tools-for-stm32.11.3.rel1.win32_1.1.0.202305231506/tools/bin/../lib/gcc/arm-none-eabi/11.3.1/../../../../arm-none-eabi/lib/thumb/v7e-m+fp/hard\librdimon_nano.a(rdimon-syscalls.o)
                0x000000000800482e                _swiclose
 .text._close   0x0000000008004848       0x4c C:/ST/STM32CubeIDE_1.13.1/STM32CubeIDE/plugins/com.st.stm32cube.ide.mcu.externaltools.gnu-tools-for-stm32.11.3.rel1.win32_1.1.0.202305231506/tools/bin/../lib/gcc/arm-none-eabi/11.3.1/../../../../arm-none-eabi/lib/thumb/v7e-m+fp/hard\librdimon_nano.a(rdimon-syscalls.o)
                0x0000000008004848                _close
 .text._swistat
                0x0000000008004894       0x42 C:/ST/STM32CubeIDE_1.13.1/STM32CubeIDE/plugins/com.st.stm32cube.ide.mcu.externaltools.gnu-tools-for-stm32.11.3.rel1.win32_1.1.0.202305231506/tools/bin/../lib/gcc/arm-none-eabi/11.3.1/../../../../arm-none-eabi/lib/thumb/v7e-m+fp/hard\librdimon_nano.a(rdimon-syscalls.o)
                0x0000000008004894                _swistat
 .text._stat    0x00000000080048d6       0x3a C:/ST/STM32CubeIDE_1.13.1/STM32CubeIDE/plugins/com.st.stm32cube.ide.mcu.externaltools.gnu-tools-for-stm32.11.3.rel1.win32_1.1.0.202305231506/tools/bin/../lib/gcc/arm-none-eabi/11.3.1/../../../../arm-none-eabi/lib/thumb/v7e-m+fp/hard\librdimon_nano.a(rdimon-syscalls.o)
                0x00000000080048d6                _stat
 .text._swiopen
                0x0000000008004910       0xb4 C:/ST/STM32CubeIDE_1.13.1/STM32CubeIDE/plugins/com.st.stm32cube.ide.mcu.externaltools.gnu-tools-for-stm32.11.3.rel1.win32_1.1.0.202305231506/tools/bin/../lib/gcc/arm-none-eabi/11.3.1/../../../../arm-none-eabi/lib/thumb/v7e-m+fp/hard\librdimon_nano.a(rdimon-syscalls.o)
                0x0000000008004910                _swiopen
 .text._get_semihosting_exts
                0x00000000080049c4       0xb8 C:/ST/STM32CubeIDE_1.13.1/STM32CubeIDE/plugins/com.st.stm32cube.ide.mcu.externaltools.gnu-tools-for-stm32.11.3.rel1.win32_1.1.0.202305231506/tools/bin/../lib/gcc/arm-none-eabi/11.3.1/../../../../arm-none-eabi/lib/thumb/v7e-m+fp/hard\librdimon_nano.a(rdimon-syscalls.o)
                0x00000000080049c4                _get_semihosting_exts
 .text.initialise_semihosting_exts
                0x0000000008004a7c       0x34 C:/ST/STM32CubeIDE_1.13.1/STM32CubeIDE/plugins/com.st.stm32cube.ide.mcu.externaltools.gnu-tools-for-stm32.11.3.rel1.win32_1.1.0.202305231506/tools/bin/../lib/gcc/arm-none-eabi/11.3.1/../../../../arm-none-eabi/lib/thumb/v7e-m+fp/hard\librdimon_nano.a(rdimon-syscalls.o)
 .text._has_ext_stdout_stderr
                0x0000000008004ab0       0x18 C:/ST/STM32CubeIDE_1.13.1/STM32CubeIDE/plugins/com.st.stm32cube.ide.mcu.externaltools.gnu-tools-for-stm32.11.3.rel1.win32_1.1.0.202305231506/tools/bin/../lib/gcc/arm-none-eabi/11.3.1/../../../../arm-none-eabi/lib/thumb/v7e-m+fp/hard\librdimon_nano.a(rdimon-syscalls.o)
                0x0000000008004ab0                _has_ext_stdout_stderr
 .text.initialise_monitor_handles
                0x0000000008004ac8       0xc0 C:/ST/STM32CubeIDE_1.13.1/STM32CubeIDE/plugins/com.st.stm32cube.ide.mcu.externaltools.gnu-tools-for-stm32.11.3.rel1.win32_1.1.0.202305231506/tools/bin/../lib/gcc/arm-none-eabi/11.3.1/../../../../arm-none-eabi/lib/thumb/v7e-m+fp/hard\librdimon_nano.a(rdimon-syscalls.o)
                0x0000000008004ac8                initialise_monitor_handles
 .text.__itoa   0x0000000008004b88       0x30 C:/ST/STM32CubeIDE_1.13.1/STM32CubeIDE/plugins/com.st.stm32cube.ide.mcu.externaltools.gnu-tools-for-stm32.11.3.rel1.win32_1.1.0.202305231506/tools/bin/../lib/gcc/arm-none-eabi/11.3.1/../../../../arm-none-eabi/lib/thumb/v7e-m+fp/hard\libc_nano.a(libc_a-itoa.o)
                0x0000000008004b88                __itoa
 .text.itoa     0x0000000008004bb8        0x4 C:/ST/STM32CubeIDE_1.13.1/STM32CubeIDE/plugins/com.st.stm32cube.ide.mcu.externaltools.gnu-tools-for-stm32.11.3.rel1.win32_1.1.0.202305231506/tools/bin/../lib/gcc/arm-none-eabi/11.3.1/../../../../arm-none-eabi/lib/thumb/v7e-m+fp/hard\libc_nano.a(libc_a-itoa.o)
                0x0000000008004bb8                itoa
 .text.__utoa   0x0000000008004bbc       0x84 C:/ST/STM32CubeIDE_1.13.1/STM32CubeIDE/plugins/com.st.stm32cube.ide.mcu.externaltools.gnu-tools-for-stm32.11.3.rel1.win32_1.1.0.202305231506/tools/bin/../lib/gcc/arm-none-eabi/11.3.1/../../../../arm-none-eabi/lib/thumb/v7e-m+fp/hard\libc_nano.a(libc_a-utoa.o)
                0x0000000008004bbc                __utoa
 .text.std      0x0000000008004c40       0x48 C:/ST/STM32CubeIDE_1.13.1/STM32CubeIDE/plugins/com.st.stm32cube.ide.mcu.externaltools.gnu-tools-for-stm32.11.3.rel1.win32_1.1.0.202305231506/tools/bin/../lib/gcc/arm-none-eabi/11.3.1/../../../../arm-none-eabi/lib/thumb/v7e-m+fp/hard\libc_nano.a(libc_a-findfp.o)
 .text.stdio_exit_handler
                0x0000000008004c88       0x18 C:/ST/STM32CubeIDE_1.13.1/STM32CubeIDE/plugins/com.st.stm32cube.ide.mcu.externaltools.gnu-tools-for-stm32.11.3.rel1.win32_1.1.0.202305231506/tools/bin/../lib/gcc/arm-none-eabi/11.3.1/../../../../arm-none-eabi/lib/thumb/v7e-m+fp/hard\libc_nano.a(libc_a-findfp.o)
 .text.cleanup_stdio
                0x0000000008004ca0       0x40 C:/ST/STM32CubeIDE_1.13.1/STM32CubeIDE/plugins/com.st.stm32cube.ide.mcu.externaltools.gnu-tools-for-stm32.11.3.rel1.win32_1.1.0.202305231506/tools/bin/../lib/gcc/arm-none-eabi/11.3.1/../../../../arm-none-eabi/lib/thumb/v7e-m+fp/hard\libc_nano.a(libc_a-findfp.o)
 .text.global_stdio_init.part.0
                0x0000000008004ce0       0x3c C:/ST/STM32CubeIDE_1.13.1/STM32CubeIDE/plugins/com.st.stm32cube.ide.mcu.externaltools.gnu-tools-for-stm32.11.3.rel1.win32_1.1.0.202305231506/tools/bin/../lib/gcc/arm-none-eabi/11.3.1/../../../../arm-none-eabi/lib/thumb/v7e-m+fp/hard\libc_nano.a(libc_a-findfp.o)
 .text.__sfp_lock_acquire
                0x0000000008004d1c        0xc C:/ST/STM32CubeIDE_1.13.1/STM32CubeIDE/plugins/com.st.stm32cube.ide.mcu.externaltools.gnu-tools-for-stm32.11.3.rel1.win32_1.1.0.202305231506/tools/bin/../lib/gcc/arm-none-eabi/11.3.1/../../../../arm-none-eabi/lib/thumb/v7e-m+fp/hard\libc_nano.a(libc_a-findfp.o)
                0x0000000008004d1c                __sfp_lock_acquire
 .text.__sfp_lock_release
                0x0000000008004d28        0xc C:/ST/STM32CubeIDE_1.13.1/STM32CubeIDE/plugins/com.st.stm32cube.ide.mcu.externaltools.gnu-tools-for-stm32.11.3.rel1.win32_1.1.0.202305231506/tools/bin/../lib/gcc/arm-none-eabi/11.3.1/../../../../arm-none-eabi/lib/thumb/v7e-m+fp/hard\libc_nano.a(libc_a-findfp.o)
                0x0000000008004d28                __sfp_lock_release
 .text.__sinit  0x0000000008004d34       0x30 C:/ST/STM32CubeIDE_1.13.1/STM32CubeIDE/plugins/com.st.stm32cube.ide.mcu.externaltools.gnu-tools-for-stm32.11.3.rel1.win32_1.1.0.202305231506/tools/bin/../lib/gcc/arm-none-eabi/11.3.1/../../../../arm-none-eabi/lib/thumb/v7e-m+fp/hard\libc_nano.a(libc_a-findfp.o)
                0x0000000008004d34                __sinit
 .text._fwalk_sglue
                0x0000000008004d64       0x3c C:/ST/STM32CubeIDE_1.13.1/STM32CubeIDE/plugins/com.st.stm32cube.ide.mcu.externaltools.gnu-tools-for-stm32.11.3.rel1.win32_1.1.0.202305231506/tools/bin/../lib/gcc/arm-none-eabi/11.3.1/../../../../arm-none-eabi/lib/thumb/v7e-m+fp/hard\libc_nano.a(libc_a-fwalk.o)
                0x0000000008004d64                _fwalk_sglue
 .text.__sread  0x0000000008004da0       0x22 C:/ST/STM32CubeIDE_1.13.1/STM32CubeIDE/plugins/com.st.stm32cube.ide.mcu.externaltools.gnu-tools-for-stm32.11.3.rel1.win32_1.1.0.202305231506/tools/bin/../lib/gcc/arm-none-eabi/11.3.1/../../../../arm-none-eabi/lib/thumb/v7e-m+fp/hard\libc_nano.a(libc_a-stdio.o)
                0x0000000008004da0                __sread
 .text.__swrite
                0x0000000008004dc2       0x38 C:/ST/STM32CubeIDE_1.13.1/STM32CubeIDE/plugins/com.st.stm32cube.ide.mcu.externaltools.gnu-tools-for-stm32.11.3.rel1.win32_1.1.0.202305231506/tools/bin/../lib/gcc/arm-none-eabi/11.3.1/../../../../arm-none-eabi/lib/thumb/v7e-m+fp/hard\libc_nano.a(libc_a-stdio.o)
                0x0000000008004dc2                __swrite
 .text.__sseek  0x0000000008004dfa       0x24 C:/ST/STM32CubeIDE_1.13.1/STM32CubeIDE/plugins/com.st.stm32cube.ide.mcu.externaltools.gnu-tools-for-stm32.11.3.rel1.win32_1.1.0.202305231506/tools/bin/../lib/gcc/arm-none-eabi/11.3.1/../../../../arm-none-eabi/lib/thumb/v7e-m+fp/hard\libc_nano.a(libc_a-stdio.o)
                0x0000000008004dfa                __sseek
 .text.__sclose
                0x0000000008004e1e        0x8 C:/ST/STM32CubeIDE_1.13.1/STM32CubeIDE/plugins/com.st.stm32cube.ide.mcu.externaltools.gnu-tools-for-stm32.11.3.rel1.win32_1.1.0.202305231506/tools/bin/../lib/gcc/arm-none-eabi/11.3.1/../../../../arm-none-eabi/lib/thumb/v7e-m+fp/hard\libc_nano.a(libc_a-stdio.o)
                0x0000000008004e1e                __sclose
 .text.memset   0x0000000008004e26       0x10 C:/ST/STM32CubeIDE_1.13.1/STM32CubeIDE/plugins/com.st.stm32cube.ide.mcu.externaltools.gnu-tools-for-stm32.11.3.rel1.win32_1.1.0.202305231506/tools/bin/../lib/gcc/arm-none-eabi/11.3.1/../../../../arm-none-eabi/lib/thumb/v7e-m+fp/hard\libc_nano.a(libc_a-memset.o)
                0x0000000008004e26                memset
 *fill*         0x0000000008004e36        0x2 
 .text._close_r
                0x0000000008004e38       0x20 C:/ST/STM32CubeIDE_1.13.1/STM32CubeIDE/plugins/com.st.stm32cube.ide.mcu.externaltools.gnu-tools-for-stm32.11.3.rel1.win32_1.1.0.202305231506/tools/bin/../lib/gcc/arm-none-eabi/11.3.1/../../../../arm-none-eabi/lib/thumb/v7e-m+fp/hard\libc_nano.a(libc_a-closer.o)
                0x0000000008004e38                _close_r
 .text._lseek_r
                0x0000000008004e58       0x24 C:/ST/STM32CubeIDE_1.13.1/STM32CubeIDE/plugins/com.st.stm32cube.ide.mcu.externaltools.gnu-tools-for-stm32.11.3.rel1.win32_1.1.0.202305231506/tools/bin/../lib/gcc/arm-none-eabi/11.3.1/../../../../arm-none-eabi/lib/thumb/v7e-m+fp/hard\libc_nano.a(libc_a-lseekr.o)
                0x0000000008004e58                _lseek_r
 .text._read_r  0x0000000008004e7c       0x24 C:/ST/STM32CubeIDE_1.13.1/STM32CubeIDE/plugins/com.st.stm32cube.ide.mcu.externaltools.gnu-tools-for-stm32.11.3.rel1.win32_1.1.0.202305231506/tools/bin/../lib/gcc/arm-none-eabi/11.3.1/../../../../arm-none-eabi/lib/thumb/v7e-m+fp/hard\libc_nano.a(libc_a-readr.o)
                0x0000000008004e7c                _read_r
 .text._write_r
                0x0000000008004ea0       0x24 C:/ST/STM32CubeIDE_1.13.1/STM32CubeIDE/plugins/com.st.stm32cube.ide.mcu.externaltools.gnu-tools-for-stm32.11.3.rel1.win32_1.1.0.202305231506/tools/bin/../lib/gcc/arm-none-eabi/11.3.1/../../../../arm-none-eabi/lib/thumb/v7e-m+fp/hard\libc_nano.a(libc_a-writer.o)
                0x0000000008004ea0                _write_r
 .text.__errno  0x0000000008004ec4        0xc C:/ST/STM32CubeIDE_1.13.1/STM32CubeIDE/plugins/com.st.stm32cube.ide.mcu.externaltools.gnu-tools-for-stm32.11.3.rel1.win32_1.1.0.202305231506/tools/bin/../lib/gcc/arm-none-eabi/11.3.1/../../../../arm-none-eabi/lib/thumb/v7e-m+fp/hard\libc_nano.a(libc_a-errno.o)
                0x0000000008004ec4                __errno
 .text.__libc_init_array
                0x0000000008004ed0       0x48 C:/ST/STM32CubeIDE_1.13.1/STM32CubeIDE/plugins/com.st.stm32cube.ide.mcu.externaltools.gnu-tools-for-stm32.11.3.rel1.win32_1.1.0.202305231506/tools/bin/../lib/gcc/arm-none-eabi/11.3.1/../../../../arm-none-eabi/lib/thumb/v7e-m+fp/hard\libc_nano.a(libc_a-init.o)
                0x0000000008004ed0                __libc_init_array
 .text.__retarget_lock_acquire_recursive
                0x0000000008004f18        0x2 C:/ST/STM32CubeIDE_1.13.1/STM32CubeIDE/plugins/com.st.stm32cube.ide.mcu.externaltools.gnu-tools-for-stm32.11.3.rel1.win32_1.1.0.202305231506/tools/bin/../lib/gcc/arm-none-eabi/11.3.1/../../../../arm-none-eabi/lib/thumb/v7e-m+fp/hard\libc_nano.a(libc_a-lock.o)
                0x0000000008004f18                __retarget_lock_acquire_recursive
 .text.__retarget_lock_release_recursive
                0x0000000008004f1a        0x2 C:/ST/STM32CubeIDE_1.13.1/STM32CubeIDE/plugins/com.st.stm32cube.ide.mcu.externaltools.gnu-tools-for-stm32.11.3.rel1.win32_1.1.0.202305231506/tools/bin/../lib/gcc/arm-none-eabi/11.3.1/../../../../arm-none-eabi/lib/thumb/v7e-m+fp/hard\libc_nano.a(libc_a-lock.o)
                0x0000000008004f1a                __retarget_lock_release_recursive
 .text._free_r  0x0000000008004f1c       0x98 C:/ST/STM32CubeIDE_1.13.1/STM32CubeIDE/plugins/com.st.stm32cube.ide.mcu.externaltools.gnu-tools-for-stm32.11.3.rel1.win32_1.1.0.202305231506/tools/bin/../lib/gcc/arm-none-eabi/11.3.1/../../../../arm-none-eabi/lib/thumb/v7e-m+fp/hard\libc_nano.a(libc_a-freer.o)
                0x0000000008004f1c                _free_r
 .text.__malloc_lock
                0x0000000008004fb4        0xc C:/ST/STM32CubeIDE_1.13.1/STM32CubeIDE/plugins/com.st.stm32cube.ide.mcu.externaltools.gnu-tools-for-stm32.11.3.rel1.win32_1.1.0.202305231506/tools/bin/../lib/gcc/arm-none-eabi/11.3.1/../../../../arm-none-eabi/lib/thumb/v7e-m+fp/hard\libc_nano.a(libc_a-mlock.o)
                0x0000000008004fb4                __malloc_lock
 .text.__malloc_unlock
                0x0000000008004fc0        0xc C:/ST/STM32CubeIDE_1.13.1/STM32CubeIDE/plugins/com.st.stm32cube.ide.mcu.externaltools.gnu-tools-for-stm32.11.3.rel1.win32_1.1.0.202305231506/tools/bin/../lib/gcc/arm-none-eabi/11.3.1/../../../../arm-none-eabi/lib/thumb/v7e-m+fp/hard\libc_nano.a(libc_a-mlock.o)
                0x0000000008004fc0                __malloc_unlock
 .text.__sflush_r
                0x0000000008004fcc      0x10c C:/ST/STM32CubeIDE_1.13.1/STM32CubeIDE/plugins/com.st.stm32cube.ide.mcu.externaltools.gnu-tools-for-stm32.11.3.rel1.win32_1.1.0.202305231506/tools/bin/../lib/gcc/arm-none-eabi/11.3.1/../../../../arm-none-eabi/lib/thumb/v7e-m+fp/hard\libc_nano.a(libc_a-fflush.o)
                0x0000000008004fcc                __sflush_r
 .text._fflush_r
                0x00000000080050d8       0x50 C:/ST/STM32CubeIDE_1.13.1/STM32CubeIDE/plugins/com.st.stm32cube.ide.mcu.externaltools.gnu-tools-for-stm32.11.3.rel1.win32_1.1.0.202305231506/tools/bin/../lib/gcc/arm-none-eabi/11.3.1/../../../../arm-none-eabi/lib/thumb/v7e-m+fp/hard\libc_nano.a(libc_a-fflush.o)
                0x00000000080050d8                _fflush_r
 *(.glue_7)
 .glue_7        0x0000000008005128        0x0 linker stubs
 *(.glue_7t)
 .glue_7t       0x0000000008005128        0x0 linker stubs
 *(.eh_frame)
 .eh_frame      0x0000000008005128        0x0 C:/ST/STM32CubeIDE_1.13.1/STM32CubeIDE/plugins/com.st.stm32cube.ide.mcu.externaltools.gnu-tools-for-stm32.11.3.rel1.win32_1.1.0.202305231506/tools/bin/../lib/gcc/arm-none-eabi/11.3.1/thumb/v7e-m+fp/hard/crtbegin.o
 *(.init)
 .init          0x0000000008005128        0x4 C:/ST/STM32CubeIDE_1.13.1/STM32CubeIDE/plugins/com.st.stm32cube.ide.mcu.externaltools.gnu-tools-for-stm32.11.3.rel1.win32_1.1.0.202305231506/tools/bin/../lib/gcc/arm-none-eabi/11.3.1/thumb/v7e-m+fp/hard/crti.o
                0x0000000008005128                _init
 .init          0x000000000800512c        0x8 C:/ST/STM32CubeIDE_1.13.1/STM32CubeIDE/plugins/com.st.stm32cube.ide.mcu.externaltools.gnu-tools-for-stm32.11.3.rel1.win32_1.1.0.202305231506/tools/bin/../lib/gcc/arm-none-eabi/11.3.1/thumb/v7e-m+fp/hard/crtn.o
 *(.fini)
 .fini          0x0000000008005134        0x4 C:/ST/STM32CubeIDE_1.13.1/STM32CubeIDE/plugins/com.st.stm32cube.ide.mcu.externaltools.gnu-tools-for-stm32.11.3.rel1.win32_1.1.0.202305231506/tools/bin/../lib/gcc/arm-none-eabi/11.3.1/thumb/v7e-m+fp/hard/crti.o
                0x0000000008005134                _fini
 .fini          0x0000000008005138        0x8 C:/ST/STM32CubeIDE_1.13.1/STM32CubeIDE/plugins/com.st.stm32cube.ide.mcu.externaltools.gnu-tools-for-stm32.11.3.rel1.win32_1.1.0.202305231506/tools/bin/../lib/gcc/arm-none-eabi/11.3.1/thumb/v7e-m+fp/hard/crtn.o
                0x0000000008005140                . = ALIGN (0x4)
                0x0000000008005140                _etext = .

.vfp11_veneer   0x0000000008005140        0x0
 .vfp11_veneer  0x0000000008005140        0x0 linker stubs

.v4_bx          0x0000000008005140        0x0
 .v4_bx         0x0000000008005140        0x0 linker stubs

.iplt           0x0000000008005140        0x0
 .iplt          0x0000000008005140        0x0 C:/ST/STM32CubeIDE_1.13.1/STM32CubeIDE/plugins/com.st.stm32cube.ide.mcu.externaltools.gnu-tools-for-stm32.11.3.rel1.win32_1.1.0.202305231506/tools/bin/../lib/gcc/arm-none-eabi/11.3.1/thumb/v7e-m+fp/hard/crtbegin.o

.rodata         0x0000000008005140     0x12f8
                0x0000000008005140                . = ALIGN (0x4)
 *(.rodata)
 .rodata        0x0000000008005140       0xd5 ./Core/Src/LCD_Driver.o
 *(.rodata*)
 *fill*         0x0000000008005215        0x3 
 .rodata.ASCII16x24_Table
                0x0000000008005218     0x11d0 ./Core/Src/fonts.o
                0x0000000008005218                ASCII16x24_Table
 .rodata.AHBPrescTable
                0x00000000080063e8       0x10 ./Core/Src/system_stm32f4xx.o
                0x00000000080063e8                AHBPrescTable
 .rodata._get_semihosting_exts.str1.1
                0x00000000080063f8       0x16 C:/ST/STM32CubeIDE_1.13.1/STM32CubeIDE/plugins/com.st.stm32cube.ide.mcu.externaltools.gnu-tools-for-stm32.11.3.rel1.win32_1.1.0.202305231506/tools/bin/../lib/gcc/arm-none-eabi/11.3.1/../../../../arm-none-eabi/lib/thumb/v7e-m+fp/hard\librdimon_nano.a(rdimon-syscalls.o)
 .rodata.initialise_monitor_handles.str1.1
                0x000000000800640e        0x4 C:/ST/STM32CubeIDE_1.13.1/STM32CubeIDE/plugins/com.st.stm32cube.ide.mcu.externaltools.gnu-tools-for-stm32.11.3.rel1.win32_1.1.0.202305231506/tools/bin/../lib/gcc/arm-none-eabi/11.3.1/../../../../arm-none-eabi/lib/thumb/v7e-m+fp/hard\librdimon_nano.a(rdimon-syscalls.o)
 .rodata.__utoa.str1.1
                0x0000000008006412       0x25 C:/ST/STM32CubeIDE_1.13.1/STM32CubeIDE/plugins/com.st.stm32cube.ide.mcu.externaltools.gnu-tools-for-stm32.11.3.rel1.win32_1.1.0.202305231506/tools/bin/../lib/gcc/arm-none-eabi/11.3.1/../../../../arm-none-eabi/lib/thumb/v7e-m+fp/hard\libc_nano.a(libc_a-utoa.o)
                0x0000000008006438                . = ALIGN (0x4)
 *fill*         0x0000000008006437        0x1 

.ARM.extab      0x0000000008006438        0x0
                0x0000000008006438                . = ALIGN (0x4)
 *(.ARM.extab* .gnu.linkonce.armextab.*)
                0x0000000008006438                . = ALIGN (0x4)

.ARM            0x0000000008006438        0x8
                0x0000000008006438                . = ALIGN (0x4)
                0x0000000008006438                __exidx_start = .
 *(.ARM.exidx*)
 .ARM.exidx     0x0000000008006438        0x8 C:/ST/STM32CubeIDE_1.13.1/STM32CubeIDE/plugins/com.st.stm32cube.ide.mcu.externaltools.gnu-tools-for-stm32.11.3.rel1.win32_1.1.0.202305231506/tools/bin/../lib/gcc/arm-none-eabi/11.3.1/thumb/v7e-m+fp/hard\libgcc.a(_udivmoddi4.o)
                0x0000000008006440                __exidx_end = .
                0x0000000008006440                . = ALIGN (0x4)

.rel.dyn        0x0000000008006440        0x0
 .rel.iplt      0x0000000008006440        0x0 C:/ST/STM32CubeIDE_1.13.1/STM32CubeIDE/plugins/com.st.stm32cube.ide.mcu.externaltools.gnu-tools-for-stm32.11.3.rel1.win32_1.1.0.202305231506/tools/bin/../lib/gcc/arm-none-eabi/11.3.1/thumb/v7e-m+fp/hard/crtbegin.o

.preinit_array  0x0000000008006440        0x0
                0x0000000008006440                . = ALIGN (0x4)
                0x0000000008006440                PROVIDE (__preinit_array_start = .)
 *(.preinit_array*)
                0x0000000008006440                PROVIDE (__preinit_array_end = .)
                0x0000000008006440                . = ALIGN (0x4)

.init_array     0x0000000008006440        0x4
                0x0000000008006440                . = ALIGN (0x4)
                0x0000000008006440                PROVIDE (__init_array_start = .)
 *(SORT_BY_NAME(.init_array.*))
 *(.init_array*)
 .init_array    0x0000000008006440        0x4 C:/ST/STM32CubeIDE_1.13.1/STM32CubeIDE/plugins/com.st.stm32cube.ide.mcu.externaltools.gnu-tools-for-stm32.11.3.rel1.win32_1.1.0.202305231506/tools/bin/../lib/gcc/arm-none-eabi/11.3.1/thumb/v7e-m+fp/hard/crtbegin.o
                0x0000000008006444                PROVIDE (__init_array_end = .)
                0x0000000008006444                . = ALIGN (0x4)

.fini_array     0x0000000008006444        0x4
                0x0000000008006444                . = ALIGN (0x4)
                [!provide]                        PROVIDE (__fini_array_start = .)
 *(SORT_BY_NAME(.fini_array.*))
 *(.fini_array*)
 .fini_array    0x0000000008006444        0x4 C:/ST/STM32CubeIDE_1.13.1/STM32CubeIDE/plugins/com.st.stm32cube.ide.mcu.externaltools.gnu-tools-for-stm32.11.3.rel1.win32_1.1.0.202305231506/tools/bin/../lib/gcc/arm-none-eabi/11.3.1/thumb/v7e-m+fp/hard/crtbegin.o
                [!provide]                        PROVIDE (__fini_array_end = .)
                0x0000000008006448                . = ALIGN (0x4)
                0x0000000008006448                _sidata = LOADADDR (.data)

.data           0x0000000020000000       0x80 load address 0x0000000008006448
                0x0000000020000000                . = ALIGN (0x4)
                0x0000000020000000                _sdata = .
 *(.data)
 *(.data*)
 .data.CurrentTextColor
                0x0000000020000000        0x2 ./Core/Src/LCD_Driver.o
 *fill*         0x0000000020000002        0x2 
 .data.SpiTimeout
                0x0000000020000004        0x4 ./Core/Src/LCD_Driver.o
                0x0000000020000004                SpiTimeout
 .data.Font16x24
                0x0000000020000008        0x8 ./Core/Src/fonts.o
                0x0000000020000008                Font16x24
 .data.SystemCoreClock
                0x0000000020000010        0x4 ./Core/Src/system_stm32f4xx.o
                0x0000000020000010                SystemCoreClock
 .data.uwTickPrio
                0x0000000020000014        0x4 ./Drivers/STM32F4xx_HAL_Driver/Src/stm32f4xx_hal.o
                0x0000000020000014                uwTickPrio
 .data.uwTickFreq
                0x0000000020000018        0x1 ./Drivers/STM32F4xx_HAL_Driver/Src/stm32f4xx_hal.o
                0x0000000020000018                uwTickFreq
 *fill*         0x0000000020000019        0x3 
 .data.supports_ext_exit_extended
                0x000000002000001c        0x4 C:/ST/STM32CubeIDE_1.13.1/STM32CubeIDE/plugins/com.st.stm32cube.ide.mcu.externaltools.gnu-tools-for-stm32.11.3.rel1.win32_1.1.0.202305231506/tools/bin/../lib/gcc/arm-none-eabi/11.3.1/../../../../arm-none-eabi/lib/thumb/v7e-m+fp/hard\librdimon_nano.a(rdimon-syscalls.o)
 .data.supports_ext_stdout_stderr
                0x0000000020000020        0x4 C:/ST/STM32CubeIDE_1.13.1/STM32CubeIDE/plugins/com.st.stm32cube.ide.mcu.externaltools.gnu-tools-for-stm32.11.3.rel1.win32_1.1.0.202305231506/tools/bin/../lib/gcc/arm-none-eabi/11.3.1/../../../../arm-none-eabi/lib/thumb/v7e-m+fp/hard\librdimon_nano.a(rdimon-syscalls.o)
 .data.__sglue  0x0000000020000024        0xc C:/ST/STM32CubeIDE_1.13.1/STM32CubeIDE/plugins/com.st.stm32cube.ide.mcu.externaltools.gnu-tools-for-stm32.11.3.rel1.win32_1.1.0.202305231506/tools/bin/../lib/gcc/arm-none-eabi/11.3.1/../../../../arm-none-eabi/lib/thumb/v7e-m+fp/hard\libc_nano.a(libc_a-findfp.o)
                0x0000000020000024                __sglue
 .data._impure_data
                0x0000000020000030       0x4c C:/ST/STM32CubeIDE_1.13.1/STM32CubeIDE/plugins/com.st.stm32cube.ide.mcu.externaltools.gnu-tools-for-stm32.11.3.rel1.win32_1.1.0.202305231506/tools/bin/../lib/gcc/arm-none-eabi/11.3.1/../../../../arm-none-eabi/lib/thumb/v7e-m+fp/hard\libc_nano.a(libc_a-impure.o)
                0x0000000020000030                _impure_data
 .data._impure_ptr
                0x000000002000007c        0x4 C:/ST/STM32CubeIDE_1.13.1/STM32CubeIDE/plugins/com.st.stm32cube.ide.mcu.externaltools.gnu-tools-for-stm32.11.3.rel1.win32_1.1.0.202305231506/tools/bin/../lib/gcc/arm-none-eabi/11.3.1/../../../../arm-none-eabi/lib/thumb/v7e-m+fp/hard\libc_nano.a(libc_a-impure.o)
                0x000000002000007c                _impure_ptr
 *(.RamFunc)
 *(.RamFunc*)
                0x0000000020000080                . = ALIGN (0x4)
                0x0000000020000080                _edata = .
                0x00000000080064c8                _siccmram = LOADADDR (.ccmram)

.igot.plt       0x0000000020000080        0x0 load address 0x00000000080064c8
 .igot.plt      0x0000000020000080        0x0 C:/ST/STM32CubeIDE_1.13.1/STM32CubeIDE/plugins/com.st.stm32cube.ide.mcu.externaltools.gnu-tools-for-stm32.11.3.rel1.win32_1.1.0.202305231506/tools/bin/../lib/gcc/arm-none-eabi/11.3.1/thumb/v7e-m+fp/hard/crtbegin.o

.ccmram         0x0000000010000000        0x0 load address 0x00000000080064c8
                0x0000000010000000                . = ALIGN (0x4)
                0x0000000010000000                _sccmram = .
 *(.ccmram)
 *(.ccmram*)
                0x0000000010000000                . = ALIGN (0x4)
                0x0000000010000000                _eccmram = .
                0x0000000010000000                . = ALIGN (0x4)

.bss            0x0000000020000080    0x25b90
                0x0000000020000080                _sbss = .
                0x0000000020000080                __bss_start__ = _sbss
 *(.bss)
 .bss           0x0000000020000080       0x1c C:/ST/STM32CubeIDE_1.13.1/STM32CubeIDE/plugins/com.st.stm32cube.ide.mcu.externaltools.gnu-tools-for-stm32.11.3.rel1.win32_1.1.0.202305231506/tools/bin/../lib/gcc/arm-none-eabi/11.3.1/thumb/v7e-m+fp/hard/crtbegin.o
 *(.bss*)
 .bss.hltdc     0x000000002000009c       0xa8 ./Core/Src/LCD_Driver.o
 .bss.PeriphClkInitStruct
                0x0000000020000144       0x30 ./Core/Src/LCD_Driver.o
 .bss.LCD_Currentfonts
                0x0000000020000174        0x4 ./Core/Src/LCD_Driver.o
 .bss.totalTime1
                0x0000000020000178        0x4 ./Core/Src/LCD_Driver.o
 .bss.totalTime2
                0x000000002000017c        0x4 ./Core/Src/LCD_Driver.o
 .bss.button_Pressed
                0x0000000020000180        0x1 ./Core/Src/LCD_Driver.o
                0x0000000020000180                button_Pressed
 .bss.inLevelThree
                0x0000000020000181        0x1 ./Core/Src/LCD_Driver.o
                0x0000000020000181                inLevelThree
 *fill*         0x0000000020000182        0x2 
 .bss.counter   0x0000000020000184        0x4 ./Core/Src/LCD_Driver.o
                0x0000000020000184                counter
 .bss.time      0x0000000020000188        0xc ./Core/Src/LCD_Driver.o
                0x0000000020000188                time
 .bss.firstTime3
                0x0000000020000194        0x4 ./Core/Src/LCD_Driver.o
                0x0000000020000194                firstTime3
 .bss.secondTime3
                0x0000000020000198        0x4 ./Core/Src/LCD_Driver.o
                0x0000000020000198                secondTime3
 .bss.thirdTime3
                0x000000002000019c        0x4 ./Core/Src/LCD_Driver.o
                0x000000002000019c                thirdTime3
 .bss.aveTime3  0x00000000200001a0        0x4 ./Core/Src/LCD_Driver.o
                0x00000000200001a0                aveTime3
 .bss.validInput
                0x00000000200001a4        0x1 ./Core/Src/LCD_Driver.o
                0x00000000200001a4                validInput
 *fill*         0x00000000200001a5        0x3 
 .bss.SpiHandle
                0x00000000200001a8       0x58 ./Core/Src/LCD_Driver.o
 .bss.frameBuffer
                0x0000000020000200    0x25800 ./Core/Src/LCD_Driver.o
                0x0000000020000200                frameBuffer
 .bss.Is_LCD_IO_Initialized
                0x0000000020025a00        0x1 ./Core/Src/LCD_Driver.o
 *fill*         0x0000000020025a01        0x3 
 .bss.RNGInitConfig
                0x0000000020025a04       0x10 ./Core/Src/RNG_Driver.o
                0x0000000020025a04                RNGInitConfig
 .bss.scheduledEvents
                0x0000000020025a14        0x4 ./Core/Src/Scheduler.o
 .bss.uwTick    0x0000000020025a18        0x4 ./Drivers/STM32F4xx_HAL_Driver/Src/stm32f4xx_hal.o
                0x0000000020025a18                uwTick
 .bss.monitor_stderr
                0x0000000020025a1c        0x4 C:/ST/STM32CubeIDE_1.13.1/STM32CubeIDE/plugins/com.st.stm32cube.ide.mcu.externaltools.gnu-tools-for-stm32.11.3.rel1.win32_1.1.0.202305231506/tools/bin/../lib/gcc/arm-none-eabi/11.3.1/../../../../arm-none-eabi/lib/thumb/v7e-m+fp/hard\librdimon_nano.a(rdimon-syscalls.o)
 .bss.monitor_stdin
                0x0000000020025a20        0x4 C:/ST/STM32CubeIDE_1.13.1/STM32CubeIDE/plugins/com.st.stm32cube.ide.mcu.externaltools.gnu-tools-for-stm32.11.3.rel1.win32_1.1.0.202305231506/tools/bin/../lib/gcc/arm-none-eabi/11.3.1/../../../../arm-none-eabi/lib/thumb/v7e-m+fp/hard\librdimon_nano.a(rdimon-syscalls.o)
 .bss.monitor_stdout
                0x0000000020025a24        0x4 C:/ST/STM32CubeIDE_1.13.1/STM32CubeIDE/plugins/com.st.stm32cube.ide.mcu.externaltools.gnu-tools-for-stm32.11.3.rel1.win32_1.1.0.202305231506/tools/bin/../lib/gcc/arm-none-eabi/11.3.1/../../../../arm-none-eabi/lib/thumb/v7e-m+fp/hard\librdimon_nano.a(rdimon-syscalls.o)
 .bss.openfiles
                0x0000000020025a28       0xa0 C:/ST/STM32CubeIDE_1.13.1/STM32CubeIDE/plugins/com.st.stm32cube.ide.mcu.externaltools.gnu-tools-for-stm32.11.3.rel1.win32_1.1.0.202305231506/tools/bin/../lib/gcc/arm-none-eabi/11.3.1/../../../../arm-none-eabi/lib/thumb/v7e-m+fp/hard\librdimon_nano.a(rdimon-syscalls.o)
 .bss.__sf      0x0000000020025ac8      0x138 C:/ST/STM32CubeIDE_1.13.1/STM32CubeIDE/plugins/com.st.stm32cube.ide.mcu.externaltools.gnu-tools-for-stm32.11.3.rel1.win32_1.1.0.202305231506/tools/bin/../lib/gcc/arm-none-eabi/11.3.1/../../../../arm-none-eabi/lib/thumb/v7e-m+fp/hard\libc_nano.a(libc_a-findfp.o)
                0x0000000020025ac8                __sf
 .bss.__stdio_exit_handler
                0x0000000020025c00        0x4 C:/ST/STM32CubeIDE_1.13.1/STM32CubeIDE/plugins/com.st.stm32cube.ide.mcu.externaltools.gnu-tools-for-stm32.11.3.rel1.win32_1.1.0.202305231506/tools/bin/../lib/gcc/arm-none-eabi/11.3.1/../../../../arm-none-eabi/lib/thumb/v7e-m+fp/hard\libc_nano.a(libc_a-findfp.o)
                0x0000000020025c00                __stdio_exit_handler
 .bss.errno     0x0000000020025c04        0x4 C:/ST/STM32CubeIDE_1.13.1/STM32CubeIDE/plugins/com.st.stm32cube.ide.mcu.externaltools.gnu-tools-for-stm32.11.3.rel1.win32_1.1.0.202305231506/tools/bin/../lib/gcc/arm-none-eabi/11.3.1/../../../../arm-none-eabi/lib/thumb/v7e-m+fp/hard\libc_nano.a(libc_a-reent.o)
                0x0000000020025c04                errno
 .bss.__lock___malloc_recursive_mutex
                0x0000000020025c08        0x1 C:/ST/STM32CubeIDE_1.13.1/STM32CubeIDE/plugins/com.st.stm32cube.ide.mcu.externaltools.gnu-tools-for-stm32.11.3.rel1.win32_1.1.0.202305231506/tools/bin/../lib/gcc/arm-none-eabi/11.3.1/../../../../arm-none-eabi/lib/thumb/v7e-m+fp/hard\libc_nano.a(libc_a-lock.o)
                0x0000000020025c08                __lock___malloc_recursive_mutex
 .bss.__lock___sfp_recursive_mutex
                0x0000000020025c09        0x1 C:/ST/STM32CubeIDE_1.13.1/STM32CubeIDE/plugins/com.st.stm32cube.ide.mcu.externaltools.gnu-tools-for-stm32.11.3.rel1.win32_1.1.0.202305231506/tools/bin/../lib/gcc/arm-none-eabi/11.3.1/../../../../arm-none-eabi/lib/thumb/v7e-m+fp/hard\libc_nano.a(libc_a-lock.o)
                0x0000000020025c09                __lock___sfp_recursive_mutex
 *fill*         0x0000000020025c0a        0x2 
 .bss.__malloc_free_list
                0x0000000020025c0c        0x4 C:/ST/STM32CubeIDE_1.13.1/STM32CubeIDE/plugins/com.st.stm32cube.ide.mcu.externaltools.gnu-tools-for-stm32.11.3.rel1.win32_1.1.0.202305231506/tools/bin/../lib/gcc/arm-none-eabi/11.3.1/../../../../arm-none-eabi/lib/thumb/v7e-m+fp/hard\libc_nano.a(libc_a-mallocr.o)
                0x0000000020025c0c                __malloc_free_list
 *(COMMON)
                0x0000000020025c10                . = ALIGN (0x4)
                0x0000000020025c10                _ebss = .
                0x0000000020025c10                __bss_end__ = _ebss

._user_heap_stack
                0x0000000020025c10      0x600
                0x0000000020025c10                . = ALIGN (0x8)
                0x0000000020025c10                PROVIDE (end = .)
                0x0000000020025c10                PROVIDE (_end = .)
                0x0000000020025e10                . = (. + _Min_Heap_Size)
 *fill*         0x0000000020025c10      0x200 
                0x0000000020026210                . = (. + _Min_Stack_Size)
 *fill*         0x0000000020025e10      0x400 
                0x0000000020026210                . = ALIGN (0x8)

/DISCARD/
 libc.a(*)
 libm.a(*)
 libgcc.a(*)

.ARM.attributes
                0x0000000000000000       0x30
 *(.ARM.attributes)
 .ARM.attributes
                0x0000000000000000       0x1e C:/ST/STM32CubeIDE_1.13.1/STM32CubeIDE/plugins/com.st.stm32cube.ide.mcu.externaltools.gnu-tools-for-stm32.11.3.rel1.win32_1.1.0.202305231506/tools/bin/../lib/gcc/arm-none-eabi/11.3.1/thumb/v7e-m+fp/hard/crti.o
 .ARM.attributes
                0x000000000000001e       0x34 C:/ST/STM32CubeIDE_1.13.1/STM32CubeIDE/plugins/com.st.stm32cube.ide.mcu.externaltools.gnu-tools-for-stm32.11.3.rel1.win32_1.1.0.202305231506/tools/bin/../lib/gcc/arm-none-eabi/11.3.1/thumb/v7e-m+fp/hard/crtbegin.o
 .ARM.attributes
                0x0000000000000052       0x34 ./Core/Src/ApplicationCode.o
 .ARM.attributes
                0x0000000000000086       0x34 ./Core/Src/Button_Driver.o
 .ARM.attributes
                0x00000000000000ba       0x34 ./Core/Src/InterruptControl.o
 .ARM.attributes
                0x00000000000000ee       0x34 ./Core/Src/LCD_Driver.o
 .ARM.attributes
                0x0000000000000122       0x34 ./Core/Src/RNG_Driver.o
 .ARM.attributes
                0x0000000000000156       0x34 ./Core/Src/Scheduler.o
 .ARM.attributes
                0x000000000000018a       0x34 ./Core/Src/fonts.o
 .ARM.attributes
                0x00000000000001be       0x34 ./Core/Src/main.o
 .ARM.attributes
                0x00000000000001f2       0x34 ./Core/Src/stm32f4xx_hal_msp.o
 .ARM.attributes
                0x0000000000000226       0x34 ./Core/Src/stm32f4xx_it.o
 .ARM.attributes
                0x000000000000025a       0x34 ./Core/Src/system_stm32f4xx.o
 .ARM.attributes
                0x000000000000028e       0x21 ./Core/Startup/startup_stm32f429zitx.o
 .ARM.attributes
                0x00000000000002af       0x34 ./Drivers/STM32F4xx_HAL_Driver/Src/stm32f4xx_hal.o
 .ARM.attributes
                0x00000000000002e3       0x34 ./Drivers/STM32F4xx_HAL_Driver/Src/stm32f4xx_hal_cortex.o
 .ARM.attributes
                0x0000000000000317       0x34 ./Drivers/STM32F4xx_HAL_Driver/Src/stm32f4xx_hal_gpio.o
 .ARM.attributes
                0x000000000000034b       0x34 ./Drivers/STM32F4xx_HAL_Driver/Src/stm32f4xx_hal_ltdc.o
 .ARM.attributes
                0x000000000000037f       0x34 ./Drivers/STM32F4xx_HAL_Driver/Src/stm32f4xx_hal_rcc.o
 .ARM.attributes
                0x00000000000003b3       0x34 ./Drivers/STM32F4xx_HAL_Driver/Src/stm32f4xx_hal_rcc_ex.o
 .ARM.attributes
                0x00000000000003e7       0x34 ./Drivers/STM32F4xx_HAL_Driver/Src/stm32f4xx_hal_rng.o
 .ARM.attributes
                0x000000000000041b       0x34 ./Drivers/STM32F4xx_HAL_Driver/Src/stm32f4xx_hal_spi.o
 .ARM.attributes
                0x000000000000044f       0x34 C:/ST/STM32CubeIDE_1.13.1/STM32CubeIDE/plugins/com.st.stm32cube.ide.mcu.externaltools.gnu-tools-for-stm32.11.3.rel1.win32_1.1.0.202305231506/tools/bin/../lib/gcc/arm-none-eabi/11.3.1/../../../../arm-none-eabi/lib/thumb/v7e-m+fp/hard\librdimon_nano.a(rdimon-syscalls.o)
 .ARM.attributes
                0x0000000000000483       0x34 C:/ST/STM32CubeIDE_1.13.1/STM32CubeIDE/plugins/com.st.stm32cube.ide.mcu.externaltools.gnu-tools-for-stm32.11.3.rel1.win32_1.1.0.202305231506/tools/bin/../lib/gcc/arm-none-eabi/11.3.1/../../../../arm-none-eabi/lib/thumb/v7e-m+fp/hard\libc_nano.a(libc_a-itoa.o)
 .ARM.attributes
                0x00000000000004b7       0x34 C:/ST/STM32CubeIDE_1.13.1/STM32CubeIDE/plugins/com.st.stm32cube.ide.mcu.externaltools.gnu-tools-for-stm32.11.3.rel1.win32_1.1.0.202305231506/tools/bin/../lib/gcc/arm-none-eabi/11.3.1/../../../../arm-none-eabi/lib/thumb/v7e-m+fp/hard\libc_nano.a(libc_a-utoa.o)
 .ARM.attributes
                0x00000000000004eb       0x34 C:/ST/STM32CubeIDE_1.13.1/STM32CubeIDE/plugins/com.st.stm32cube.ide.mcu.externaltools.gnu-tools-for-stm32.11.3.rel1.win32_1.1.0.202305231506/tools/bin/../lib/gcc/arm-none-eabi/11.3.1/../../../../arm-none-eabi/lib/thumb/v7e-m+fp/hard\libc_nano.a(libc_a-findfp.o)
 .ARM.attributes
                0x000000000000051f       0x34 C:/ST/STM32CubeIDE_1.13.1/STM32CubeIDE/plugins/com.st.stm32cube.ide.mcu.externaltools.gnu-tools-for-stm32.11.3.rel1.win32_1.1.0.202305231506/tools/bin/../lib/gcc/arm-none-eabi/11.3.1/../../../../arm-none-eabi/lib/thumb/v7e-m+fp/hard\libc_nano.a(libc_a-fwalk.o)
 .ARM.attributes
                0x0000000000000553       0x34 C:/ST/STM32CubeIDE_1.13.1/STM32CubeIDE/plugins/com.st.stm32cube.ide.mcu.externaltools.gnu-tools-for-stm32.11.3.rel1.win32_1.1.0.202305231506/tools/bin/../lib/gcc/arm-none-eabi/11.3.1/../../../../arm-none-eabi/lib/thumb/v7e-m+fp/hard\libc_nano.a(libc_a-stdio.o)
 .ARM.attributes
                0x0000000000000587       0x34 C:/ST/STM32CubeIDE_1.13.1/STM32CubeIDE/plugins/com.st.stm32cube.ide.mcu.externaltools.gnu-tools-for-stm32.11.3.rel1.win32_1.1.0.202305231506/tools/bin/../lib/gcc/arm-none-eabi/11.3.1/../../../../arm-none-eabi/lib/thumb/v7e-m+fp/hard\libc_nano.a(libc_a-memset.o)
 .ARM.attributes
                0x00000000000005bb       0x34 C:/ST/STM32CubeIDE_1.13.1/STM32CubeIDE/plugins/com.st.stm32cube.ide.mcu.externaltools.gnu-tools-for-stm32.11.3.rel1.win32_1.1.0.202305231506/tools/bin/../lib/gcc/arm-none-eabi/11.3.1/../../../../arm-none-eabi/lib/thumb/v7e-m+fp/hard\libc_nano.a(libc_a-closer.o)
 .ARM.attributes
                0x00000000000005ef       0x34 C:/ST/STM32CubeIDE_1.13.1/STM32CubeIDE/plugins/com.st.stm32cube.ide.mcu.externaltools.gnu-tools-for-stm32.11.3.rel1.win32_1.1.0.202305231506/tools/bin/../lib/gcc/arm-none-eabi/11.3.1/../../../../arm-none-eabi/lib/thumb/v7e-m+fp/hard\libc_nano.a(libc_a-reent.o)
 .ARM.attributes
                0x0000000000000623       0x34 C:/ST/STM32CubeIDE_1.13.1/STM32CubeIDE/plugins/com.st.stm32cube.ide.mcu.externaltools.gnu-tools-for-stm32.11.3.rel1.win32_1.1.0.202305231506/tools/bin/../lib/gcc/arm-none-eabi/11.3.1/../../../../arm-none-eabi/lib/thumb/v7e-m+fp/hard\libc_nano.a(libc_a-impure.o)
 .ARM.attributes
                0x0000000000000657       0x34 C:/ST/STM32CubeIDE_1.13.1/STM32CubeIDE/plugins/com.st.stm32cube.ide.mcu.externaltools.gnu-tools-for-stm32.11.3.rel1.win32_1.1.0.202305231506/tools/bin/../lib/gcc/arm-none-eabi/11.3.1/../../../../arm-none-eabi/lib/thumb/v7e-m+fp/hard\libc_nano.a(libc_a-lseekr.o)
 .ARM.attributes
                0x000000000000068b       0x34 C:/ST/STM32CubeIDE_1.13.1/STM32CubeIDE/plugins/com.st.stm32cube.ide.mcu.externaltools.gnu-tools-for-stm32.11.3.rel1.win32_1.1.0.202305231506/tools/bin/../lib/gcc/arm-none-eabi/11.3.1/../../../../arm-none-eabi/lib/thumb/v7e-m+fp/hard\libc_nano.a(libc_a-readr.o)
 .ARM.attributes
                0x00000000000006bf       0x34 C:/ST/STM32CubeIDE_1.13.1/STM32CubeIDE/plugins/com.st.stm32cube.ide.mcu.externaltools.gnu-tools-for-stm32.11.3.rel1.win32_1.1.0.202305231506/tools/bin/../lib/gcc/arm-none-eabi/11.3.1/../../../../arm-none-eabi/lib/thumb/v7e-m+fp/hard\libc_nano.a(libc_a-writer.o)
 .ARM.attributes
                0x00000000000006f3       0x34 C:/ST/STM32CubeIDE_1.13.1/STM32CubeIDE/plugins/com.st.stm32cube.ide.mcu.externaltools.gnu-tools-for-stm32.11.3.rel1.win32_1.1.0.202305231506/tools/bin/../lib/gcc/arm-none-eabi/11.3.1/../../../../arm-none-eabi/lib/thumb/v7e-m+fp/hard\libc_nano.a(libc_a-errno.o)
 .ARM.attributes
                0x0000000000000727       0x34 C:/ST/STM32CubeIDE_1.13.1/STM32CubeIDE/plugins/com.st.stm32cube.ide.mcu.externaltools.gnu-tools-for-stm32.11.3.rel1.win32_1.1.0.202305231506/tools/bin/../lib/gcc/arm-none-eabi/11.3.1/../../../../arm-none-eabi/lib/thumb/v7e-m+fp/hard\libc_nano.a(libc_a-init.o)
 .ARM.attributes
                0x000000000000075b       0x34 C:/ST/STM32CubeIDE_1.13.1/STM32CubeIDE/plugins/com.st.stm32cube.ide.mcu.externaltools.gnu-tools-for-stm32.11.3.rel1.win32_1.1.0.202305231506/tools/bin/../lib/gcc/arm-none-eabi/11.3.1/../../../../arm-none-eabi/lib/thumb/v7e-m+fp/hard\libc_nano.a(libc_a-lock.o)
 .ARM.attributes
                0x000000000000078f       0x17 C:/ST/STM32CubeIDE_1.13.1/STM32CubeIDE/plugins/com.st.stm32cube.ide.mcu.externaltools.gnu-tools-for-stm32.11.3.rel1.win32_1.1.0.202305231506/tools/bin/../lib/gcc/arm-none-eabi/11.3.1/../../../../arm-none-eabi/lib/thumb/v7e-m+fp/hard\libc_nano.a(libc_a-strlen.o)
 .ARM.attributes
                0x00000000000007a6       0x34 C:/ST/STM32CubeIDE_1.13.1/STM32CubeIDE/plugins/com.st.stm32cube.ide.mcu.externaltools.gnu-tools-for-stm32.11.3.rel1.win32_1.1.0.202305231506/tools/bin/../lib/gcc/arm-none-eabi/11.3.1/../../../../arm-none-eabi/lib/thumb/v7e-m+fp/hard\libc_nano.a(libc_a-freer.o)
 .ARM.attributes
                0x00000000000007da       0x34 C:/ST/STM32CubeIDE_1.13.1/STM32CubeIDE/plugins/com.st.stm32cube.ide.mcu.externaltools.gnu-tools-for-stm32.11.3.rel1.win32_1.1.0.202305231506/tools/bin/../lib/gcc/arm-none-eabi/11.3.1/../../../../arm-none-eabi/lib/thumb/v7e-m+fp/hard\libc_nano.a(libc_a-mallocr.o)
 .ARM.attributes
                0x000000000000080e       0x34 C:/ST/STM32CubeIDE_1.13.1/STM32CubeIDE/plugins/com.st.stm32cube.ide.mcu.externaltools.gnu-tools-for-stm32.11.3.rel1.win32_1.1.0.202305231506/tools/bin/../lib/gcc/arm-none-eabi/11.3.1/../../../../arm-none-eabi/lib/thumb/v7e-m+fp/hard\libc_nano.a(libc_a-mlock.o)
 .ARM.attributes
                0x0000000000000842       0x34 C:/ST/STM32CubeIDE_1.13.1/STM32CubeIDE/plugins/com.st.stm32cube.ide.mcu.externaltools.gnu-tools-for-stm32.11.3.rel1.win32_1.1.0.202305231506/tools/bin/../lib/gcc/arm-none-eabi/11.3.1/../../../../arm-none-eabi/lib/thumb/v7e-m+fp/hard\libc_nano.a(libc_a-fflush.o)
 .ARM.attributes
                0x0000000000000876       0x1e C:/ST/STM32CubeIDE_1.13.1/STM32CubeIDE/plugins/com.st.stm32cube.ide.mcu.externaltools.gnu-tools-for-stm32.11.3.rel1.win32_1.1.0.202305231506/tools/bin/../lib/gcc/arm-none-eabi/11.3.1/thumb/v7e-m+fp/hard\libgcc.a(_aeabi_uldivmod.o)
 .ARM.attributes
                0x0000000000000894       0x34 C:/ST/STM32CubeIDE_1.13.1/STM32CubeIDE/plugins/com.st.stm32cube.ide.mcu.externaltools.gnu-tools-for-stm32.11.3.rel1.win32_1.1.0.202305231506/tools/bin/../lib/gcc/arm-none-eabi/11.3.1/thumb/v7e-m+fp/hard\libgcc.a(_udivmoddi4.o)
 .ARM.attributes
                0x00000000000008c8       0x1e C:/ST/STM32CubeIDE_1.13.1/STM32CubeIDE/plugins/com.st.stm32cube.ide.mcu.externaltools.gnu-tools-for-stm32.11.3.rel1.win32_1.1.0.202305231506/tools/bin/../lib/gcc/arm-none-eabi/11.3.1/thumb/v7e-m+fp/hard\libgcc.a(_dvmd_tls.o)
 .ARM.attributes
                0x00000000000008e6       0x1e C:/ST/STM32CubeIDE_1.13.1/STM32CubeIDE/plugins/com.st.stm32cube.ide.mcu.externaltools.gnu-tools-for-stm32.11.3.rel1.win32_1.1.0.202305231506/tools/bin/../lib/gcc/arm-none-eabi/11.3.1/thumb/v7e-m+fp/hard/crtn.o
OUTPUT(MTomasuloLab6.elf elf32-littlearm)
LOAD linker stubs
LOAD C:/ST/STM32CubeIDE_1.13.1/STM32CubeIDE/plugins/com.st.stm32cube.ide.mcu.externaltools.gnu-tools-for-stm32.11.3.rel1.win32_1.1.0.202305231506/tools/bin/../lib/gcc/arm-none-eabi/11.3.1/../../../../arm-none-eabi/lib/thumb/v7e-m+fp/hard\libc.a
LOAD C:/ST/STM32CubeIDE_1.13.1/STM32CubeIDE/plugins/com.st.stm32cube.ide.mcu.externaltools.gnu-tools-for-stm32.11.3.rel1.win32_1.1.0.202305231506/tools/bin/../lib/gcc/arm-none-eabi/11.3.1/../../../../arm-none-eabi/lib/thumb/v7e-m+fp/hard\libm.a
LOAD C:/ST/STM32CubeIDE_1.13.1/STM32CubeIDE/plugins/com.st.stm32cube.ide.mcu.externaltools.gnu-tools-for-stm32.11.3.rel1.win32_1.1.0.202305231506/tools/bin/../lib/gcc/arm-none-eabi/11.3.1/thumb/v7e-m+fp/hard\libgcc.a

.comment        0x0000000000000000       0x43
 .comment       0x0000000000000000       0x43 C:/ST/STM32CubeIDE_1.13.1/STM32CubeIDE/plugins/com.st.stm32cube.ide.mcu.externaltools.gnu-tools-for-stm32.11.3.rel1.win32_1.1.0.202305231506/tools/bin/../lib/gcc/arm-none-eabi/11.3.1/thumb/v7e-m+fp/hard/crtbegin.o
                                         0x44 (size before relaxing)
 .comment       0x0000000000000043       0x44 ./Core/Src/ApplicationCode.o
 .comment       0x0000000000000043       0x44 ./Core/Src/Button_Driver.o
 .comment       0x0000000000000043       0x44 ./Core/Src/InterruptControl.o
 .comment       0x0000000000000043       0x44 ./Core/Src/LCD_Driver.o
 .comment       0x0000000000000043       0x44 ./Core/Src/RNG_Driver.o
 .comment       0x0000000000000043       0x44 ./Core/Src/Scheduler.o
 .comment       0x0000000000000043       0x44 ./Core/Src/fonts.o
 .comment       0x0000000000000043       0x44 ./Core/Src/main.o
 .comment       0x0000000000000043       0x44 ./Core/Src/stm32f4xx_hal_msp.o
 .comment       0x0000000000000043       0x44 ./Core/Src/stm32f4xx_it.o
 .comment       0x0000000000000043       0x44 ./Core/Src/system_stm32f4xx.o
 .comment       0x0000000000000043       0x44 ./Drivers/STM32F4xx_HAL_Driver/Src/stm32f4xx_hal.o
 .comment       0x0000000000000043       0x44 ./Drivers/STM32F4xx_HAL_Driver/Src/stm32f4xx_hal_cortex.o
 .comment       0x0000000000000043       0x44 ./Drivers/STM32F4xx_HAL_Driver/Src/stm32f4xx_hal_gpio.o
 .comment       0x0000000000000043       0x44 ./Drivers/STM32F4xx_HAL_Driver/Src/stm32f4xx_hal_ltdc.o
 .comment       0x0000000000000043       0x44 ./Drivers/STM32F4xx_HAL_Driver/Src/stm32f4xx_hal_rcc.o
 .comment       0x0000000000000043       0x44 ./Drivers/STM32F4xx_HAL_Driver/Src/stm32f4xx_hal_rcc_ex.o
 .comment       0x0000000000000043       0x44 ./Drivers/STM32F4xx_HAL_Driver/Src/stm32f4xx_hal_rng.o
 .comment       0x0000000000000043       0x44 ./Drivers/STM32F4xx_HAL_Driver/Src/stm32f4xx_hal_spi.o

.debug_info     0x0000000000000000     0xa7f5
 .debug_info    0x0000000000000000      0x1b7 ./Core/Src/ApplicationCode.o
 .debug_info    0x00000000000001b7      0x60d ./Core/Src/Button_Driver.o
 .debug_info    0x00000000000007c4      0x219 ./Core/Src/InterruptControl.o
 .debug_info    0x00000000000009dd     0x1f4b ./Core/Src/LCD_Driver.o
 .debug_info    0x0000000000002928      0x3f9 ./Core/Src/RNG_Driver.o
 .debug_info    0x0000000000002d21      0x105 ./Core/Src/Scheduler.o
 .debug_info    0x0000000000002e26      0x145 ./Core/Src/fonts.o
 .debug_info    0x0000000000002f6b      0x584 ./Core/Src/main.o
 .debug_info    0x00000000000034ef     0x1497 ./Core/Src/stm32f4xx_hal_msp.o
 .debug_info    0x0000000000004986      0x119 ./Core/Src/stm32f4xx_it.o
 .debug_info    0x0000000000004a9f      0x535 ./Core/Src/system_stm32f4xx.o
 .debug_info    0x0000000000004fd4       0x23 ./Core/Startup/startup_stm32f429zitx.o
 .debug_info    0x0000000000004ff7      0x9c5 ./Drivers/STM32F4xx_HAL_Driver/Src/stm32f4xx_hal.o
 .debug_info    0x00000000000059bc      0xd83 ./Drivers/STM32F4xx_HAL_Driver/Src/stm32f4xx_hal_cortex.o
 .debug_info    0x000000000000673f      0x6e2 ./Drivers/STM32F4xx_HAL_Driver/Src/stm32f4xx_hal_gpio.o
 .debug_info    0x0000000000006e21     0x1029 ./Drivers/STM32F4xx_HAL_Driver/Src/stm32f4xx_hal_ltdc.o
 .debug_info    0x0000000000007e4a      0x8d0 ./Drivers/STM32F4xx_HAL_Driver/Src/stm32f4xx_hal_rcc.o
 .debug_info    0x000000000000871a      0x658 ./Drivers/STM32F4xx_HAL_Driver/Src/stm32f4xx_hal_rcc_ex.o
 .debug_info    0x0000000000008d72      0x481 ./Drivers/STM32F4xx_HAL_Driver/Src/stm32f4xx_hal_rng.o
 .debug_info    0x00000000000091f3     0x1602 ./Drivers/STM32F4xx_HAL_Driver/Src/stm32f4xx_hal_spi.o

.debug_abbrev   0x0000000000000000     0x217f
 .debug_abbrev  0x0000000000000000       0xcf ./Core/Src/ApplicationCode.o
 .debug_abbrev  0x00000000000000cf      0x162 ./Core/Src/Button_Driver.o
 .debug_abbrev  0x0000000000000231       0xc7 ./Core/Src/InterruptControl.o
 .debug_abbrev  0x00000000000002f8      0x3cd ./Core/Src/LCD_Driver.o
 .debug_abbrev  0x00000000000006c5      0x166 ./Core/Src/RNG_Driver.o
 .debug_abbrev  0x000000000000082b       0xab ./Core/Src/Scheduler.o
 .debug_abbrev  0x00000000000008d6       0xc6 ./Core/Src/fonts.o
 .debug_abbrev  0x000000000000099c      0x209 ./Core/Src/main.o
 .debug_abbrev  0x0000000000000ba5      0x254 ./Core/Src/stm32f4xx_hal_msp.o
 .debug_abbrev  0x0000000000000df9       0x73 ./Core/Src/stm32f4xx_it.o
 .debug_abbrev  0x0000000000000e6c      0x11a ./Core/Src/system_stm32f4xx.o
 .debug_abbrev  0x0000000000000f86       0x12 ./Core/Startup/startup_stm32f429zitx.o
 .debug_abbrev  0x0000000000000f98      0x213 ./Drivers/STM32F4xx_HAL_Driver/Src/stm32f4xx_hal.o
 .debug_abbrev  0x00000000000011ab      0x327 ./Drivers/STM32F4xx_HAL_Driver/Src/stm32f4xx_hal_cortex.o
 .debug_abbrev  0x00000000000014d2      0x1d4 ./Drivers/STM32F4xx_HAL_Driver/Src/stm32f4xx_hal_gpio.o
 .debug_abbrev  0x00000000000016a6      0x233 ./Drivers/STM32F4xx_HAL_Driver/Src/stm32f4xx_hal_ltdc.o
 .debug_abbrev  0x00000000000018d9      0x2b6 ./Drivers/STM32F4xx_HAL_Driver/Src/stm32f4xx_hal_rcc.o
 .debug_abbrev  0x0000000000001b8f      0x1af ./Drivers/STM32F4xx_HAL_Driver/Src/stm32f4xx_hal_rcc_ex.o
 .debug_abbrev  0x0000000000001d3e      0x1bd ./Drivers/STM32F4xx_HAL_Driver/Src/stm32f4xx_hal_rng.o
 .debug_abbrev  0x0000000000001efb      0x284 ./Drivers/STM32F4xx_HAL_Driver/Src/stm32f4xx_hal_spi.o

.debug_aranges  0x0000000000000000      0xac0
 .debug_aranges
                0x0000000000000000       0x30 ./Core/Src/ApplicationCode.o
 .debug_aranges
                0x0000000000000030       0x20 ./Core/Src/Button_Driver.o
 .debug_aranges
                0x0000000000000050       0x40 ./Core/Src/InterruptControl.o
 .debug_aranges
                0x0000000000000090      0x178 ./Core/Src/LCD_Driver.o
 .debug_aranges
                0x0000000000000208       0x28 ./Core/Src/RNG_Driver.o
 .debug_aranges
                0x0000000000000230       0x30 ./Core/Src/Scheduler.o
 .debug_aranges
                0x0000000000000260       0x18 ./Core/Src/fonts.o
 .debug_aranges
                0x0000000000000278       0x38 ./Core/Src/main.o
 .debug_aranges
                0x00000000000002b0       0x60 ./Core/Src/stm32f4xx_hal_msp.o
 .debug_aranges
                0x0000000000000310       0x60 ./Core/Src/stm32f4xx_it.o
 .debug_aranges
                0x0000000000000370       0x28 ./Core/Src/system_stm32f4xx.o
 .debug_aranges
                0x0000000000000398       0x28 ./Core/Startup/startup_stm32f429zitx.o
 .debug_aranges
                0x00000000000003c0      0x100 ./Drivers/STM32F4xx_HAL_Driver/Src/stm32f4xx_hal.o
 .debug_aranges
                0x00000000000004c0      0x118 ./Drivers/STM32F4xx_HAL_Driver/Src/stm32f4xx_hal_cortex.o
 .debug_aranges
                0x00000000000005d8       0x58 ./Drivers/STM32F4xx_HAL_Driver/Src/stm32f4xx_hal_gpio.o
 .debug_aranges
                0x0000000000000630      0x158 ./Drivers/STM32F4xx_HAL_Driver/Src/stm32f4xx_hal_ltdc.o
 .debug_aranges
                0x0000000000000788       0x88 ./Drivers/STM32F4xx_HAL_Driver/Src/stm32f4xx_hal_rcc.o
 .debug_aranges
                0x0000000000000810       0x58 ./Drivers/STM32F4xx_HAL_Driver/Src/stm32f4xx_hal_rcc_ex.o
 .debug_aranges
                0x0000000000000868       0x88 ./Drivers/STM32F4xx_HAL_Driver/Src/stm32f4xx_hal_rng.o
 .debug_aranges
                0x00000000000008f0      0x1d0 ./Drivers/STM32F4xx_HAL_Driver/Src/stm32f4xx_hal_spi.o

.debug_rnglists
                0x0000000000000000      0x7ea
 .debug_rnglists
                0x0000000000000000       0x1f ./Core/Src/ApplicationCode.o
 .debug_rnglists
                0x000000000000001f       0x13 ./Core/Src/Button_Driver.o
 .debug_rnglists
                0x0000000000000032       0x2b ./Core/Src/InterruptControl.o
 .debug_rnglists
                0x000000000000005d      0x125 ./Core/Src/LCD_Driver.o
 .debug_rnglists
                0x0000000000000182       0x19 ./Core/Src/RNG_Driver.o
 .debug_rnglists
                0x000000000000019b       0x1f ./Core/Src/Scheduler.o
 .debug_rnglists
                0x00000000000001ba       0x27 ./Core/Src/main.o
 .debug_rnglists
                0x00000000000001e1       0x46 ./Core/Src/stm32f4xx_hal_msp.o
 .debug_rnglists
                0x0000000000000227       0x43 ./Core/Src/stm32f4xx_it.o
 .debug_rnglists
                0x000000000000026a       0x1a ./Core/Src/system_stm32f4xx.o
 .debug_rnglists
                0x0000000000000284       0x19 ./Core/Startup/startup_stm32f429zitx.o
 .debug_rnglists
                0x000000000000029d       0xbb ./Drivers/STM32F4xx_HAL_Driver/Src/stm32f4xx_hal.o
 .debug_rnglists
                0x0000000000000358       0xce ./Drivers/STM32F4xx_HAL_Driver/Src/stm32f4xx_hal_cortex.o
 .debug_rnglists
                0x0000000000000426       0x3f ./Drivers/STM32F4xx_HAL_Driver/Src/stm32f4xx_hal_gpio.o
 .debug_rnglists
                0x0000000000000465      0x10a ./Drivers/STM32F4xx_HAL_Driver/Src/stm32f4xx_hal_ltdc.o
 .debug_rnglists
                0x000000000000056f       0x66 ./Drivers/STM32F4xx_HAL_Driver/Src/stm32f4xx_hal_rcc.o
 .debug_rnglists
                0x00000000000005d5       0x43 ./Drivers/STM32F4xx_HAL_Driver/Src/stm32f4xx_hal_rcc_ex.o
 .debug_rnglists
                0x0000000000000618       0x63 ./Drivers/STM32F4xx_HAL_Driver/Src/stm32f4xx_hal_rng.o
 .debug_rnglists
                0x000000000000067b      0x16f ./Drivers/STM32F4xx_HAL_Driver/Src/stm32f4xx_hal_spi.o

.debug_macro    0x0000000000000000    0x26521
 .debug_macro   0x0000000000000000      0x389 ./Core/Src/ApplicationCode.o
 .debug_macro   0x0000000000000389      0xaa8 ./Core/Src/ApplicationCode.o
 .debug_macro   0x0000000000000e31       0x22 ./Core/Src/ApplicationCode.o
 .debug_macro   0x0000000000000e53       0x8e ./Core/Src/ApplicationCode.o
 .debug_macro   0x0000000000000ee1       0x51 ./Core/Src/ApplicationCode.o
 .debug_macro   0x0000000000000f32      0x103 ./Core/Src/ApplicationCode.o
 .debug_macro   0x0000000000001035       0x6a ./Core/Src/ApplicationCode.o
 .debug_macro   0x000000000000109f      0x1df ./Core/Src/ApplicationCode.o
 .debug_macro   0x000000000000127e      0x2a7 ./Core/Src/ApplicationCode.o
 .debug_macro   0x0000000000001525       0x2e ./Core/Src/ApplicationCode.o
 .debug_macro   0x0000000000001553       0x28 ./Core/Src/ApplicationCode.o
 .debug_macro   0x000000000000157b       0x1c ./Core/Src/ApplicationCode.o
 .debug_macro   0x0000000000001597       0x22 ./Core/Src/ApplicationCode.o
 .debug_macro   0x00000000000015b9       0xd9 ./Core/Src/ApplicationCode.o
 .debug_macro   0x0000000000001692     0x102d ./Core/Src/ApplicationCode.o
 .debug_macro   0x00000000000026bf      0x11f ./Core/Src/ApplicationCode.o
 .debug_macro   0x00000000000027de    0x17fc0 ./Core/Src/ApplicationCode.o
 .debug_macro   0x000000000001a79e       0x6d ./Core/Src/ApplicationCode.o
 .debug_macro   0x000000000001a80b     0x36f5 ./Core/Src/ApplicationCode.o
 .debug_macro   0x000000000001df00      0x174 ./Core/Src/ApplicationCode.o
 .debug_macro   0x000000000001e074       0x5c ./Core/Src/ApplicationCode.o
 .debug_macro   0x000000000001e0d0      0xca5 ./Core/Src/ApplicationCode.o
 .debug_macro   0x000000000001ed75      0x9fe ./Core/Src/ApplicationCode.o
 .debug_macro   0x000000000001f773      0x115 ./Core/Src/ApplicationCode.o
 .debug_macro   0x000000000001f888      0x156 ./Core/Src/ApplicationCode.o
 .debug_macro   0x000000000001f9de       0xa5 ./Core/Src/ApplicationCode.o
 .debug_macro   0x000000000001fa83      0x182 ./Core/Src/ApplicationCode.o
 .debug_macro   0x000000000001fc05      0x287 ./Core/Src/ApplicationCode.o
 .debug_macro   0x000000000001fe8c       0x5f ./Core/Src/ApplicationCode.o
 .debug_macro   0x000000000001feeb      0x236 ./Core/Src/ApplicationCode.o
 .debug_macro   0x0000000000020121      0x132 ./Core/Src/ApplicationCode.o
 .debug_macro   0x0000000000020253      0x41d ./Core/Src/ApplicationCode.o
 .debug_macro   0x0000000000020670       0x2e ./Core/Src/ApplicationCode.o
 .debug_macro   0x000000000002069e      0x198 ./Core/Src/ApplicationCode.o
 .debug_macro   0x0000000000020836       0xd6 ./Core/Src/ApplicationCode.o
 .debug_macro   0x000000000002090c      0x11a ./Core/Src/ApplicationCode.o
 .debug_macro   0x0000000000020a26       0xe2 ./Core/Src/ApplicationCode.o
 .debug_macro   0x0000000000020b08       0x89 ./Core/Src/ApplicationCode.o
 .debug_macro   0x0000000000020b91       0xa4 ./Core/Src/ApplicationCode.o
 .debug_macro   0x0000000000020c35      0x225 ./Core/Src/ApplicationCode.o
 .debug_macro   0x0000000000020e5a      0x8e6 ./Core/Src/ApplicationCode.o
 .debug_macro   0x0000000000021740       0x47 ./Core/Src/ApplicationCode.o
 .debug_macro   0x0000000000021787       0x22 ./Core/Src/ApplicationCode.o
 .debug_macro   0x00000000000217a9       0x61 ./Core/Src/ApplicationCode.o
 .debug_macro   0x000000000002180a       0x2a ./Core/Src/ApplicationCode.o
 .debug_macro   0x0000000000021834       0x43 ./Core/Src/ApplicationCode.o
 .debug_macro   0x0000000000021877       0x34 ./Core/Src/ApplicationCode.o
 .debug_macro   0x00000000000218ab       0x16 ./Core/Src/ApplicationCode.o
 .debug_macro   0x00000000000218c1       0x43 ./Core/Src/ApplicationCode.o
 .debug_macro   0x0000000000021904       0x34 ./Core/Src/ApplicationCode.o
 .debug_macro   0x0000000000021938       0x10 ./Core/Src/ApplicationCode.o
 .debug_macro   0x0000000000021948       0x58 ./Core/Src/ApplicationCode.o
 .debug_macro   0x00000000000219a0       0x8e ./Core/Src/ApplicationCode.o
 .debug_macro   0x0000000000021a2e       0x1c ./Core/Src/ApplicationCode.o
 .debug_macro   0x0000000000021a4a      0x177 ./Core/Src/ApplicationCode.o
 .debug_macro   0x0000000000021bc1      0x369 ./Core/Src/ApplicationCode.o
 .debug_macro   0x0000000000021f2a       0x10 ./Core/Src/ApplicationCode.o
 .debug_macro   0x0000000000021f3a       0x35 ./Core/Src/ApplicationCode.o
 .debug_macro   0x0000000000021f6f       0x20 ./Core/Src/ApplicationCode.o
 .debug_macro   0x0000000000021f8f       0x1c ./Core/Src/ApplicationCode.o
 .debug_macro   0x0000000000021fab       0x10 ./Core/Src/ApplicationCode.o
 .debug_macro   0x0000000000021fbb       0x1c ./Core/Src/ApplicationCode.o
 .debug_macro   0x0000000000021fd7       0x16 ./Core/Src/ApplicationCode.o
 .debug_macro   0x0000000000021fed      0x147 ./Core/Src/ApplicationCode.o
 .debug_macro   0x0000000000022134       0x16 ./Core/Src/ApplicationCode.o
 .debug_macro   0x000000000002214a       0x16 ./Core/Src/ApplicationCode.o
 .debug_macro   0x0000000000022160       0x29 ./Core/Src/ApplicationCode.o
 .debug_macro   0x0000000000022189      0x134 ./Core/Src/ApplicationCode.o
 .debug_macro   0x00000000000222bd      0x3b2 ./Core/Src/ApplicationCode.o
 .debug_macro   0x000000000002266f       0x3a ./Core/Src/ApplicationCode.o
 .debug_macro   0x00000000000226a9       0x22 ./Core/Src/ApplicationCode.o
 .debug_macro   0x00000000000226cb       0x1c ./Core/Src/ApplicationCode.o