../Core/Src/LCD_Driver.c:41:6:LCD_GPIO_Init	56	static
../Core/Src/LCD_Driver.c:125:6:LTCD__Init	8	static
../Core/Src/LCD_Driver.c:176:6:LTCD_Layer_Init	72	static
../Core/Src/LCD_Driver.c:205:6:LCD_Draw_Pixel	16	static
../Core/Src/LCD_Driver.c:212:6:LCD_DrawChar	24	static
../Core/Src/LCD_Driver.c:232:6:LCD_DisplayChar	16	static
../Core/Src/LCD_Driver.c:238:6:LCD_SetTextColor	16	static
../Core/Src/LCD_Driver.c:243:6:LCD_SetFont	16	static
../Core/Src/LCD_Driver.c:249:6:LCD_Draw_Circle_Fill	32	static
../Core/Src/LCD_Driver.c:264:6:LCD_Draw_Vertical_Line	32	static
../Core/Src/LCD_Driver.c:273:6:LCD_Clear	24	static
../Core/Src/LCD_Driver.c:283:6:LCD_Error_Handler	4	static
../Core/Src/LCD_Driver.c:289:6:QuickDemo	16	static
../Core/Src/LCD_Driver.c:343:6:LCD_Draw_Square	32	static
../Core/Src/LCD_Driver.c:357:6:LCD_Draw_Triangle	32	static
../Core/Src/LCD_Driver.c:366:6:LCD_Draw_Horizontal_Line	32	static
../Core/Src/LCD_Driver.c:374:6:buttonStatus	4	static
../Core/Src/LCD_Driver.c:380:6:getLevelThree	4	static
../Core/Src/LCD_Driver.c:386:6:getValidInput	4	static
../Core/Src/LCD_Driver.c:392:6:setValidInput	4	static
../Core/Src/LCD_Driver.c:399:6:incrementCounter	16	static
../Core/Src/LCD_Driver.c:424:6:level1Instructions	80	static
../Core/Src/LCD_Driver.c:454:6:level2Instructions	120	static
../Core/Src/LCD_Driver.c:493:6:level3Instructions	120	static
../Core/Src/LCD_Driver.c:534:6:timeDisplay	136	static
../Core/Src/LCD_Driver.c:581:6:Level1	24	static
../Core/Src/LCD_Driver.c:630:6:Level2	32	static
../Core/Src/LCD_Driver.c:714:6:Level3	24	static
../Core/Src/LCD_Driver.c:778:6:ili9341_Init	8	static
../Core/Src/LCD_Driver.c:909:6:ili9341_DisplayOn	8	static
../Core/Src/LCD_Driver.c:920:6:ili9341_DisplayOff	8	static
../Core/Src/LCD_Driver.c:931:6:ili9341_Write_Reg	16	static
../Core/Src/LCD_Driver.c:941:6:ili9341_Send_Data	16	static
../Core/Src/LCD_Driver.c:952:10:ili9341_ReadData	16	static
../Core/Src/LCD_Driver.c:964:13:SPI_Init	8	static
../Core/Src/LCD_Driver.c:1002:17:SPI_Read	24	static
../Core/Src/LCD_Driver.c:1023:13:SPI_Write	24	static
../Core/Src/LCD_Driver.c:1041:13:SPI_Error	8	static
../Core/Src/LCD_Driver.c:1054:13:SPI_MspInit	48	static
../Core/Src/LCD_Driver.c:1078:6:LCD_IO_Init	40	static
../Core/Src/LCD_Driver.c:1122:6:LCD_IO_WriteData	16	static
../Core/Src/LCD_Driver.c:1138:6:LCD_IO_WriteReg	16	static
../Core/Src/LCD_Driver.c:1157:10:LCD_IO_ReadData	24	static
../Core/Src/LCD_Driver.c:1184:6:LCD_Delay	16	static
